Archive member included to satisfy reference by file (symbol)

/usr/lib/gcc/arm-none-eabi/12.1.0/../../../../arm-none-eabi/lib/thumb/v7-m/nofp/libc_nano.a(lib_a-atexit.o)
                              /usr/lib/gcc/arm-none-eabi/12.1.0/../../../../arm-none-eabi/lib/thumb/v7-m/nofp/crt0.o (atexit)
/usr/lib/gcc/arm-none-eabi/12.1.0/../../../../arm-none-eabi/lib/thumb/v7-m/nofp/libc_nano.a(lib_a-errno.o)
                              ./Core/Src/syscalls.o (__errno)
/usr/lib/gcc/arm-none-eabi/12.1.0/../../../../arm-none-eabi/lib/thumb/v7-m/nofp/libc_nano.a(lib_a-exit.o)
                              /usr/lib/gcc/arm-none-eabi/12.1.0/../../../../arm-none-eabi/lib/thumb/v7-m/nofp/crt0.o (exit)
/usr/lib/gcc/arm-none-eabi/12.1.0/../../../../arm-none-eabi/lib/thumb/v7-m/nofp/libc_nano.a(lib_a-fini.o)
                              /usr/lib/gcc/arm-none-eabi/12.1.0/../../../../arm-none-eabi/lib/thumb/v7-m/nofp/crt0.o (__libc_fini_array)
/usr/lib/gcc/arm-none-eabi/12.1.0/../../../../arm-none-eabi/lib/thumb/v7-m/nofp/libc_nano.a(lib_a-impure.o)
                              /usr/lib/gcc/arm-none-eabi/12.1.0/../../../../arm-none-eabi/lib/thumb/v7-m/nofp/libc_nano.a(lib_a-exit.o) (_global_impure_ptr)
/usr/lib/gcc/arm-none-eabi/12.1.0/../../../../arm-none-eabi/lib/thumb/v7-m/nofp/libc_nano.a(lib_a-init.o)
                              /usr/lib/gcc/arm-none-eabi/12.1.0/../../../../arm-none-eabi/lib/thumb/v7-m/nofp/crt0.o (__libc_init_array)
/usr/lib/gcc/arm-none-eabi/12.1.0/../../../../arm-none-eabi/lib/thumb/v7-m/nofp/libc_nano.a(lib_a-memset.o)
                              /usr/lib/gcc/arm-none-eabi/12.1.0/../../../../arm-none-eabi/lib/thumb/v7-m/nofp/crt0.o (memset)
/usr/lib/gcc/arm-none-eabi/12.1.0/../../../../arm-none-eabi/lib/thumb/v7-m/nofp/libc_nano.a(lib_a-__atexit.o)
                              /usr/lib/gcc/arm-none-eabi/12.1.0/../../../../arm-none-eabi/lib/thumb/v7-m/nofp/libc_nano.a(lib_a-atexit.o) (__register_exitproc)
/usr/lib/gcc/arm-none-eabi/12.1.0/../../../../arm-none-eabi/lib/thumb/v7-m/nofp/libc_nano.a(lib_a-__call_atexit.o)
                              /usr/lib/gcc/arm-none-eabi/12.1.0/../../../../arm-none-eabi/lib/thumb/v7-m/nofp/libc_nano.a(lib_a-__atexit.o) (__call_exitprocs)
/usr/lib/gcc/arm-none-eabi/12.1.0/../../../../arm-none-eabi/lib/thumb/v7-m/nofp/libc_nano.a(lib_a-lock.o)
                              /usr/lib/gcc/arm-none-eabi/12.1.0/../../../../arm-none-eabi/lib/thumb/v7-m/nofp/libc_nano.a(lib_a-__atexit.o) (__retarget_lock_acquire_recursive)
/usr/lib/gcc/arm-none-eabi/12.1.0/thumb/v7-m/nofp/libgcc.a(_arm_muldf3.o)
                              ./Core/Src/forcefeedback.o (__aeabi_dmul)
/usr/lib/gcc/arm-none-eabi/12.1.0/thumb/v7-m/nofp/libgcc.a(_arm_mulsf3.o)
                              ./Core/Src/forcefeedback.o (__aeabi_fmul)
/usr/lib/gcc/arm-none-eabi/12.1.0/thumb/v7-m/nofp/libgcc.a(_arm_addsubdf3.o)
                              ./Core/Src/main.o (__aeabi_dsub)
/usr/lib/gcc/arm-none-eabi/12.1.0/thumb/v7-m/nofp/libgcc.a(_arm_fixdfsi.o)
                              ./Core/Src/forcefeedback.o (__aeabi_d2iz)
/usr/lib/gcc/arm-none-eabi/12.1.0/thumb/v7-m/nofp/libgcc.a(_arm_fixunsdfsi.o)
                              ./Core/Src/forcefeedback.o (__aeabi_d2uiz)
/usr/lib/gcc/arm-none-eabi/12.1.0/thumb/v7-m/nofp/libgcc.a(_arm_truncdfsf2.o)
                              ./Core/Src/forcefeedback.o (__aeabi_d2f)
/usr/lib/gcc/arm-none-eabi/12.1.0/thumb/v7-m/nofp/libgcc.a(_arm_addsubsf3.o)
                              ./Core/Src/forcefeedback.o (__aeabi_i2f)

Discarded input sections

 .text          0x0000000000000000        0x0 /usr/lib/gcc/arm-none-eabi/12.1.0/thumb/v7-m/nofp/crti.o
 .data          0x0000000000000000        0x0 /usr/lib/gcc/arm-none-eabi/12.1.0/thumb/v7-m/nofp/crti.o
 .bss           0x0000000000000000        0x0 /usr/lib/gcc/arm-none-eabi/12.1.0/thumb/v7-m/nofp/crti.o
 .text          0x0000000000000000        0x0 /usr/lib/gcc/arm-none-eabi/12.1.0/thumb/v7-m/nofp/crtbegin.o
 .data          0x0000000000000000        0x0 /usr/lib/gcc/arm-none-eabi/12.1.0/thumb/v7-m/nofp/crtbegin.o
 .bss           0x0000000000000000        0x0 /usr/lib/gcc/arm-none-eabi/12.1.0/thumb/v7-m/nofp/crtbegin.o
 .rodata.all_implied_fbits
                0x0000000000000000       0x24 /usr/lib/gcc/arm-none-eabi/12.1.0/thumb/v7-m/nofp/crtbegin.o
 .data.__dso_handle
                0x0000000000000000        0x4 /usr/lib/gcc/arm-none-eabi/12.1.0/thumb/v7-m/nofp/crtbegin.o
 .text          0x0000000000000000       0x70 /usr/lib/gcc/arm-none-eabi/12.1.0/../../../../arm-none-eabi/lib/thumb/v7-m/nofp/crt0.o
 .data          0x0000000000000000        0x0 /usr/lib/gcc/arm-none-eabi/12.1.0/../../../../arm-none-eabi/lib/thumb/v7-m/nofp/crt0.o
 .bss           0x0000000000000000        0x0 /usr/lib/gcc/arm-none-eabi/12.1.0/../../../../arm-none-eabi/lib/thumb/v7-m/nofp/crt0.o
 .ARM.extab     0x0000000000000000        0x0 /usr/lib/gcc/arm-none-eabi/12.1.0/../../../../arm-none-eabi/lib/thumb/v7-m/nofp/crt0.o
[...]
Memory Configuration

Name             Origin             Length             Attributes
RAM              0x0000000020000000 0x0000000000005000 xrw
FLASH            0x0000000008000000 0x0000000000010000 xr
*default*        0x0000000000000000 0xffffffffffffffff

Linker script and memory map

LOAD /usr/lib/gcc/arm-none-eabi/12.1.0/thumb/v7-m/nofp/crti.o
LOAD /usr/lib/gcc/arm-none-eabi/12.1.0/thumb/v7-m/nofp/crtbegin.o
LOAD /usr/lib/gcc/arm-none-eabi/12.1.0/../../../../arm-none-eabi/lib/thumb/v7-m/nofp/crt0.o
LOAD ./Core/Src/adc.o
LOAD ./Core/Src/forcefeedback.o
LOAD ./Core/Src/gpio.o
LOAD ./Core/Src/i2c.o
LOAD ./Core/Src/main.o
LOAD ./Core/Src/pcf8574events.o
LOAD ./Core/Src/stm32f1xx_hal_msp.o
LOAD ./Core/Src/stm32f1xx_it.o
LOAD ./Core/Src/syscalls.o
LOAD ./Core/Src/sysmem.o
LOAD ./Core/Src/system_stm32f1xx.o
LOAD ./Core/Src/tim.o
LOAD ./Core/Startup/startup_stm32f103c8tx.o
LOAD ./Drivers/STM32F1xx_HAL_Driver/Src/stm32f1xx_hal.o
LOAD ./Drivers/STM32F1xx_HAL_Driver/Src/stm32f1xx_hal_adc.o
LOAD ./Drivers/STM32F1xx_HAL_Driver/Src/stm32f1xx_hal_adc_ex.o
LOAD ./Drivers/STM32F1xx_HAL_Driver/Src/stm32f1xx_hal_cortex.o
LOAD ./Drivers/STM32F1xx_HAL_Driver/Src/stm32f1xx_hal_dma.o
LOAD ./Drivers/STM32F1xx_HAL_Driver/Src/stm32f1xx_hal_exti.o
LOAD ./Drivers/STM32F1xx_HAL_Driver/Src/stm32f1xx_hal_flash.o
LOAD ./Drivers/STM32F1xx_HAL_Driver/Src/stm32f1xx_hal_flash_ex.o
LOAD ./Drivers/STM32F1xx_HAL_Driver/Src/stm32f1xx_hal_gpio.o
LOAD ./Drivers/STM32F1xx_HAL_Driver/Src/stm32f1xx_hal_gpio_ex.o
LOAD ./Drivers/STM32F1xx_HAL_Driver/Src/stm32f1xx_hal_i2c.o
LOAD ./Drivers/STM32F1xx_HAL_Driver/Src/stm32f1xx_hal_pcd.o
LOAD ./Drivers/STM32F1xx_HAL_Driver/Src/stm32f1xx_hal_pcd_ex.o
LOAD ./Drivers/STM32F1xx_HAL_Driver/Src/stm32f1xx_hal_pwr.o
LOAD ./Drivers/STM32F1xx_HAL_Driver/Src/stm32f1xx_hal_rcc.o
LOAD ./Drivers/STM32F1xx_HAL_Driver/Src/stm32f1xx_hal_rcc_ex.o
LOAD ./Drivers/STM32F1xx_HAL_Driver/Src/stm32f1xx_hal_tim.o
LOAD ./Drivers/STM32F1xx_HAL_Driver/Src/stm32f1xx_hal_tim_ex.o
LOAD ./Drivers/STM32F1xx_HAL_Driver/Src/stm32f1xx_ll_usb.o
LOAD ./Middlewares/ST/STM32_USB_Device_Library/Class/CustomHID/Src/usbd_customhid.o
LOAD ./Middlewares/ST/STM32_USB_Device_Library/Core/Src/usbd_core.o
LOAD ./Middlewares/ST/STM32_USB_Device_Library/Core/Src/usbd_ctlreq.o
LOAD ./Middlewares/ST/STM32_USB_Device_Library/Core/Src/usbd_ioreq.o
LOAD ./USB_DEVICE/App/usb_device.o
LOAD ./USB_DEVICE/App/usbd_custom_hid_if.o
LOAD ./USB_DEVICE/App/usbd_desc.o
LOAD ./USB_DEVICE/Target/usbd_conf.o
START GROUP
LOAD /usr/lib/gcc/arm-none-eabi/12.1.0/../../../../arm-none-eabi/lib/thumb/v7-m/nofp/libc_nano.a
LOAD /usr/lib/gcc/arm-none-eabi/12.1.0/../../../../arm-none-eabi/lib/thumb/v7-m/nofp/libm.a
END GROUP
START GROUP
LOAD /usr/lib/gcc/arm-none-eabi/12.1.0/thumb/v7-m/nofp/libgcc.a
LOAD /usr/lib/gcc/arm-none-eabi/12.1.0/../../../../arm-none-eabi/lib/thumb/v7-m/nofp/libc_nano.a
END GROUP
START GROUP
LOAD /usr/lib/gcc/arm-none-eabi/12.1.0/thumb/v7-m/nofp/libgcc.a
LOAD /usr/lib/gcc/arm-none-eabi/12.1.0/../../../../arm-none-eabi/lib/thumb/v7-m/nofp/libc_nano.a
LOAD /usr/lib/gcc/arm-none-eabi/12.1.0/../../../../arm-none-eabi/lib/thumb/v7-m/nofp/libnosys.a
END GROUP
START GROUP
LOAD /usr/lib/gcc/arm-none-eabi/12.1.0/thumb/v7-m/nofp/libgcc.a
LOAD /usr/lib/gcc/arm-none-eabi/12.1.0/../../../../arm-none-eabi/lib/thumb/v7-m/nofp/libc_nano.a
LOAD /usr/lib/gcc/arm-none-eabi/12.1.0/../../../../arm-none-eabi/lib/thumb/v7-m/nofp/libnosys.a
END GROUP
LOAD /usr/lib/gcc/arm-none-eabi/12.1.0/thumb/v7-m/nofp/crtend.o
LOAD /usr/lib/gcc/arm-none-eabi/12.1.0/thumb/v7-m/nofp/crtn.o
                0x0000000020005000                _estack = (ORIGIN (RAM) + LENGTH (RAM))
                0x0000000000000200                _Min_Heap_Size = 0x200
                0x0000000000000400                _Min_Stack_Size = 0x400

.isr_vector     0x0000000008000000      0x10c
                0x0000000008000000                . = ALIGN (0x4)
 *(.isr_vector)
 .isr_vector    0x0000000008000000      0x10c ./Core/Startup/startup_stm32f103c8tx.o
                0x0000000008000000                g_pfnVectors
                0x000000000800010c                . = ALIGN (0x4)

.text           0x0000000008000110     0xbf68
                0x0000000008000110                . = ALIGN (0x4)
 *(.text)
 .text          0x0000000008000110      0x254 /usr/lib/gcc/arm-none-eabi/12.1.0/thumb/v7-m/nofp/libgcc.a(_arm_muldf3.o)
                0x0000000008000110                __aeabi_dmul
                0x0000000008000110                __muldf3
 .text          0x0000000008000364      0x168 /usr/lib/gcc/arm-none-eabi/12.1.0/thumb/v7-m/nofp/libgcc.a(_arm_mulsf3.o)
                0x0000000008000364                __mulsf3
                0x0000000008000364                __aeabi_fmul
 .text          0x00000000080004cc      0x378 /usr/lib/gcc/arm-none-eabi/12.1.0/thumb/v7-m/nofp/libgcc.a(_arm_addsubdf3.o)
                0x00000000080004cc                __aeabi_drsub
                0x00000000080004d4                __aeabi_dsub
                0x00000000080004d4                __subdf3
                0x00000000080004d8                __adddf3
                0x00000000080004d8                __aeabi_dadd
                0x0000000008000750                __aeabi_ui2d
                0x0000000008000750                __floatunsidf
                0x0000000008000770                __floatsidf
                0x0000000008000770                __aeabi_i2d
                0x0000000008000794                __extendsfdf2
                0x0000000008000794                __aeabi_f2d
                0x00000000080007d8                __aeabi_ul2d
                0x00000000080007d8                __floatundidf
                0x00000000080007e8                __floatdidf
                0x00000000080007e8                __aeabi_l2d
 .text          0x0000000008000844       0x50 /usr/lib/gcc/arm-none-eabi/12.1.0/thumb/v7-m/nofp/libgcc.a(_arm_fixdfsi.o)
                0x0000000008000844                __fixdfsi
                0x0000000008000844                __aeabi_d2iz
 .text          0x0000000008000894       0x40 /usr/lib/gcc/arm-none-eabi/12.1.0/thumb/v7-m/nofp/libgcc.a(_arm_fixunsdfsi.o)
                0x0000000008000894                __fixunsdfsi
                0x0000000008000894                __aeabi_d2uiz
 .text          0x00000000080008d4       0xa0 /usr/lib/gcc/arm-none-eabi/12.1.0/thumb/v7-m/nofp/libgcc.a(_arm_truncdfsf2.o)
                0x00000000080008d4                __aeabi_d2f
                0x00000000080008d4                __truncdfsf2
 .text          0x0000000008000974      0x21c /usr/lib/gcc/arm-none-eabi/12.1.0/thumb/v7-m/nofp/libgcc.a(_arm_addsubsf3.o)
                0x0000000008000974                __aeabi_frsub
                0x000000000800097c                __subsf3
                0x000000000800097c                __aeabi_fsub
                0x0000000008000980                __aeabi_fadd
                0x0000000008000980                __addsf3
                0x0000000008000ae0                __aeabi_ui2f
                0x0000000008000ae0                __floatunsisf
                0x0000000008000ae8                __aeabi_i2f
                0x0000000008000ae8                __floatsisf
                0x0000000008000b04                __floatundisf
                0x0000000008000b04                __aeabi_ul2f
                0x0000000008000b14                __floatdisf
                0x0000000008000b14                __aeabi_l2f
 *(.text*)
 .text.__do_global_dtors_aux
                0x0000000008000b90       0x24 /usr/lib/gcc/arm-none-eabi/12.1.0/thumb/v7-m/nofp/crtbegin.o
 .text.frame_dummy
                0x0000000008000bb4       0x1c /usr/lib/gcc/arm-none-eabi/12.1.0/thumb/v7-m/nofp/crtbegin.o
 .text.MX_ADC2_Init
                0x0000000008000bd0       0xd4 ./Core/Src/adc.o
                0x0000000008000bd0                MX_ADC2_Init
 .text.HAL_ADC_MspInit
                0x0000000008000ca4       0x78 ./Core/Src/adc.o
                0x0000000008000ca4                HAL_ADC_MspInit
 .text.ffb_init
                0x0000000008000d1c       0x74 ./Core/Src/forcefeedback.o
                0x0000000008000d1c                ffb_init
 .text.ffb_setup_set_report_callback
                0x0000000008000d90      0x10c ./Core/Src/forcefeedback.o
                0x0000000008000d90                ffb_setup_set_report_callback
 .text.ffb_setup_get_report_callback
                0x0000000008000e9c       0xb4 ./Core/Src/forcefeedback.o
                0x0000000008000e9c                ffb_setup_get_report_callback
 .text.ffb_play_effects
                0x0000000008000f50       0xc4 ./Core/Src/forcefeedback.o
                0x0000000008000f50                ffb_play_effects
 .text.enable_actuator
                0x0000000008001014       0x30 ./Core/Src/forcefeedback.o
                0x0000000008001014                enable_actuator
 .text.disable_actuator
                0x0000000008001044       0x44 ./Core/Src/forcefeedback.o
                0x0000000008001044                disable_actuator
 .text.device_control
                0x0000000008001088       0x60 ./Core/Src/forcefeedback.o
                0x0000000008001088                device_control
 .text.getNewEffectIndex
                0x00000000080010e8       0x48 ./Core/Src/forcefeedback.o
                0x00000000080010e8                getNewEffectIndex
 .text.prepare_pid_block_load_report
                0x0000000008001130      0x198 ./Core/Src/forcefeedback.o
                0x0000000008001130                prepare_pid_block_load_report
 .text.effect_operation
                0x00000000080012c8       0x50 ./Core/Src/forcefeedback.o
                0x00000000080012c8                effect_operation
 .text.start_effect
                0x0000000008001318       0x20 ./Core/Src/forcefeedback.o
                0x0000000008001318                start_effect
 .text.stop_effect
                0x0000000008001338       0x20 ./Core/Src/forcefeedback.o
                0x0000000008001338                stop_effect
 .text.device_reset
                0x0000000008001358        0xc ./Core/Src/forcefeedback.o
                0x0000000008001358                device_reset
 .text.stop_all_effects
                0x0000000008001364       0x2a ./Core/Src/forcefeedback.o
                0x0000000008001364                stop_all_effects
 .text.pause_all_effects
                0x000000000800138e        0xc ./Core/Src/forcefeedback.o
                0x000000000800138e                pause_all_effects
 .text.continue_all_effects
                0x000000000800139a        0xc ./Core/Src/forcefeedback.o
                0x000000000800139a                continue_all_effects
 .text.pid_block_free
                0x00000000080013a6       0x22 ./Core/Src/forcefeedback.o
                0x00000000080013a6                pid_block_free
 .text.equate_pwm
                0x00000000080013c8      0x134 ./Core/Src/forcefeedback.o
                0x00000000080013c8                equate_pwm
 *fill*         0x00000000080014fc        0x4 
 .text.add_pwm  0x0000000008001500      0x1fc ./Core/Src/forcefeedback.o
                0x0000000008001500                add_pwm
 *fill*         0x00000000080016fc        0x4 
 .text.set_effect
                0x0000000008001700      0x22c ./Core/Src/forcefeedback.o
                0x0000000008001700                set_effect
 .text.set_envelope
                0x000000000800192c       0xa0 ./Core/Src/forcefeedback.o
                0x000000000800192c                set_envelope
 .text.set_condition
                0x00000000080019cc      0x118 ./Core/Src/forcefeedback.o
                0x00000000080019cc                set_condition
 .text.set_periodic
                0x0000000008001ae4       0xa0 ./Core/Src/forcefeedback.o
                0x0000000008001ae4                set_periodic
 .text.set_constant_force
                0x0000000008001b84       0x48 ./Core/Src/forcefeedback.o
                0x0000000008001b84                set_constant_force
 .text.set_ramp_force
                0x0000000008001bcc       0x4c ./Core/Src/forcefeedback.o
                0x0000000008001bcc                set_ramp_force
 .text.nullify_effect_block
                0x0000000008001c18      0x324 ./Core/Src/forcefeedback.o
                0x0000000008001c18                nullify_effect_block
 .text.MX_GPIO_Init
                0x0000000008001f3c      0x114 ./Core/Src/gpio.o
                0x0000000008001f3c                MX_GPIO_Init
 .text.MX_I2C1_Init
                0x0000000008002050       0x5c ./Core/Src/i2c.o
                0x0000000008002050                MX_I2C1_Init
 .text.HAL_I2C_MspInit
                0x00000000080020ac       0x7c ./Core/Src/i2c.o
                0x00000000080020ac                HAL_I2C_MspInit
 .text.main     0x0000000008002128      0x358 ./Core/Src/main.o
                0x0000000008002128                main
 .text.SystemClock_Config
                0x0000000008002480       0xbc ./Core/Src/main.o
                0x0000000008002480                SystemClock_Config
 .text.initLED  0x000000000800253c       0x5c ./Core/Src/main.o
                0x000000000800253c                initLED
 .text.Error_Handler
                0x0000000008002598        0xc ./Core/Src/main.o
                0x0000000008002598                Error_Handler
 .text.reset_highbeam_blinker_wiper_buttons
                0x00000000080025a4       0x58 ./Core/Src/pcf8574events.o
                0x00000000080025a4                reset_highbeam_blinker_wiper_buttons
 .text.repair_pcf8574
                0x00000000080025fc       0x30 ./Core/Src/pcf8574events.o
                0x00000000080025fc                repair_pcf8574
 .text.set_highbeam_blinker_buttons
                0x000000000800262c       0x74 ./Core/Src/pcf8574events.o
                0x000000000800262c                set_highbeam_blinker_buttons
 .text.get_wiper
                0x00000000080026a0       0x48 ./Core/Src/pcf8574events.o
                0x00000000080026a0                get_wiper
 .text.set_wiper_buttons
                0x00000000080026e8       0xde ./Core/Src/pcf8574events.o
                0x00000000080026e8                set_wiper_buttons
 *fill*         0x00000000080027c6        0x2 
 .text.HAL_MspInit
                0x00000000080027c8       0x64 ./Core/Src/stm32f1xx_hal_msp.o
                0x00000000080027c8                HAL_MspInit
 .text.NMI_Handler
                0x000000000800282c        0xc ./Core/Src/stm32f1xx_it.o
                0x000000000800282c                NMI_Handler
 .text.HardFault_Handler
                0x0000000008002838        0x8 ./Core/Src/stm32f1xx_it.o
                0x0000000008002838                HardFault_Handler
 .text.MemManage_Handler
                0x0000000008002840        0x8 ./Core/Src/stm32f1xx_it.o
                0x0000000008002840                MemManage_Handler
 .text.BusFault_Handler
                0x0000000008002848        0x8 ./Core/Src/stm32f1xx_it.o
                0x0000000008002848                BusFault_Handler
 .text.UsageFault_Handler
                0x0000000008002850        0x8 ./Core/Src/stm32f1xx_it.o
                0x0000000008002850                UsageFault_Handler
 .text.SVC_Handler
                0x0000000008002858        0xc ./Core/Src/stm32f1xx_it.o
                0x0000000008002858                SVC_Handler
 .text.DebugMon_Handler
                0x0000000008002864        0xc ./Core/Src/stm32f1xx_it.o
                0x0000000008002864                DebugMon_Handler
 .text.PendSV_Handler
                0x0000000008002870        0xc ./Core/Src/stm32f1xx_it.o
                0x0000000008002870                PendSV_Handler
 .text.SysTick_Handler
                0x000000000800287c        0xc ./Core/Src/stm32f1xx_it.o
                0x000000000800287c                SysTick_Handler
 .text.USB_LP_CAN1_RX0_IRQHandler
                0x0000000008002888       0x14 ./Core/Src/stm32f1xx_it.o
                0x0000000008002888                USB_LP_CAN1_RX0_IRQHandler
 .text.SystemInit
                0x000000000800289c        0xc ./Core/Src/system_stm32f1xx.o
                0x000000000800289c                SystemInit
 .text.MX_TIM1_Init
                0x00000000080028a8       0xb0 ./Core/Src/tim.o
                0x00000000080028a8                MX_TIM1_Init
 .text.MX_TIM2_Init
                0x0000000008002958      0x100 ./Core/Src/tim.o
                0x0000000008002958                MX_TIM2_Init
 .text.HAL_TIM_Encoder_MspInit
                0x0000000008002a58       0x80 ./Core/Src/tim.o
                0x0000000008002a58                HAL_TIM_Encoder_MspInit
 .text.HAL_TIM_Base_MspInit
                0x0000000008002ad8       0x38 ./Core/Src/tim.o
                0x0000000008002ad8                HAL_TIM_Base_MspInit
 .text.HAL_TIM_MspPostInit
                0x0000000008002b10       0xc0 ./Core/Src/tim.o
                0x0000000008002b10                HAL_TIM_MspPostInit
 .text.Reset_Handler
                0x0000000008002bd0       0x48 ./Core/Startup/startup_stm32f103c8tx.o
                0x0000000008002bd0                Reset_Handler
 .text.Default_Handler
                0x0000000008002c18        0x2 ./Core/Startup/startup_stm32f103c8tx.o
                0x0000000008002c18                RTC_Alarm_IRQHandler
                0x0000000008002c18                EXTI2_IRQHandler
                0x0000000008002c18                TIM1_CC_IRQHandler
                0x0000000008002c18                PVD_IRQHandler
                0x0000000008002c18                EXTI3_IRQHandler
                0x0000000008002c18                EXTI0_IRQHandler
                0x0000000008002c18                I2C2_EV_IRQHandler
                0x0000000008002c18                ADC1_2_IRQHandler
                0x0000000008002c18                SPI1_IRQHandler
                0x0000000008002c18                TAMPER_IRQHandler
                0x0000000008002c18                DMA1_Channel4_IRQHandler
                0x0000000008002c18                USART3_IRQHandler
                0x0000000008002c18                RTC_IRQHandler
                0x0000000008002c18                DMA1_Channel7_IRQHandler
                0x0000000008002c18                CAN1_RX1_IRQHandler
                0x0000000008002c18                TIM4_IRQHandler
                0x0000000008002c18                I2C1_EV_IRQHandler
                0x0000000008002c18                DMA1_Channel6_IRQHandler
                0x0000000008002c18                TIM3_IRQHandler
                0x0000000008002c18                RCC_IRQHandler
                0x0000000008002c18                TIM1_TRG_COM_IRQHandler
                0x0000000008002c18                DMA1_Channel1_IRQHandler
                0x0000000008002c18                Default_Handler
                0x0000000008002c18                EXTI15_10_IRQHandler
                0x0000000008002c18                EXTI9_5_IRQHandler
                0x0000000008002c18                SPI2_IRQHandler
                0x0000000008002c18                DMA1_Channel5_IRQHandler
                0x0000000008002c18                EXTI4_IRQHandler
                0x0000000008002c18                USB_HP_CAN1_TX_IRQHandler
                0x0000000008002c18                DMA1_Channel3_IRQHandler
                0x0000000008002c18                TIM1_UP_IRQHandler
                0x0000000008002c18                WWDG_IRQHandler
                0x0000000008002c18                TIM2_IRQHandler
                0x0000000008002c18                TIM1_BRK_IRQHandler
                0x0000000008002c18                EXTI1_IRQHandler
                0x0000000008002c18                USART2_IRQHandler
                0x0000000008002c18                I2C2_ER_IRQHandler
                0x0000000008002c18                DMA1_Channel2_IRQHandler
                0x0000000008002c18                CAN1_SCE_IRQHandler
                0x0000000008002c18                FLASH_IRQHandler
                0x0000000008002c18                USART1_IRQHandler
                0x0000000008002c18                I2C1_ER_IRQHandler
                0x0000000008002c18                USBWakeUp_IRQHandler
 *fill*         0x0000000008002c1a        0x2 
 .text.HAL_Init
                0x0000000008002c1c       0x2c ./Drivers/STM32F1xx_HAL_Driver/Src/stm32f1xx_hal.o
                0x0000000008002c1c                HAL_Init
 .text.HAL_InitTick
                0x0000000008002c48       0x60 ./Drivers/STM32F1xx_HAL_Driver/Src/stm32f1xx_hal.o
                0x0000000008002c48                HAL_InitTick
 .text.HAL_IncTick
                0x0000000008002ca8       0x24 ./Drivers/STM32F1xx_HAL_Driver/Src/stm32f1xx_hal.o
                0x0000000008002ca8                HAL_IncTick
 .text.HAL_GetTick
                0x0000000008002ccc       0x14 ./Drivers/STM32F1xx_HAL_Driver/Src/stm32f1xx_hal.o
                0x0000000008002ccc                HAL_GetTick
 .text.HAL_Delay
                0x0000000008002ce0       0x48 ./Drivers/STM32F1xx_HAL_Driver/Src/stm32f1xx_hal.o
                0x0000000008002ce0                HAL_Delay
 .text.HAL_ADC_Init
                0x0000000008002d28      0x1b0 ./Drivers/STM32F1xx_HAL_Driver/Src/stm32f1xx_hal_adc.o
                0x0000000008002d28                HAL_ADC_Init
 .text.ADC_Enable
                0x0000000008002ed8       0xa4 ./Drivers/STM32F1xx_HAL_Driver/Src/stm32f1xx_hal_adc.o
                0x0000000008002ed8                ADC_Enable
 .text.ADC_ConversionStop_Disable
                0x0000000008002f7c       0x74 ./Drivers/STM32F1xx_HAL_Driver/Src/stm32f1xx_hal_adc.o
                0x0000000008002f7c                ADC_ConversionStop_Disable
 .text.HAL_ADCEx_InjectedStart
                0x0000000008002ff0      0x10c ./Drivers/STM32F1xx_HAL_Driver/Src/stm32f1xx_hal_adc_ex.o
                0x0000000008002ff0                HAL_ADCEx_InjectedStart
 .text.HAL_ADCEx_InjectedStop
                0x00000000080030fc       0x84 ./Drivers/STM32F1xx_HAL_Driver/Src/stm32f1xx_hal_adc_ex.o
                0x00000000080030fc                HAL_ADCEx_InjectedStop
 .text.HAL_ADCEx_InjectedPollForConversion
                0x0000000008003180      0x1dc ./Drivers/STM32F1xx_HAL_Driver/Src/stm32f1xx_hal_adc_ex.o
                0x0000000008003180                HAL_ADCEx_InjectedPollForConversion
 .text.HAL_ADCEx_InjectedGetValue
                0x000000000800335c       0x5c ./Drivers/STM32F1xx_HAL_Driver/Src/stm32f1xx_hal_adc_ex.o
                0x000000000800335c                HAL_ADCEx_InjectedGetValue
 .text.HAL_ADCEx_InjectedConfigChannel
                0x00000000080033b8      0x334 ./Drivers/STM32F1xx_HAL_Driver/Src/stm32f1xx_hal_adc_ex.o
                0x00000000080033b8                HAL_ADCEx_InjectedConfigChannel
 .text.__NVIC_SetPriorityGrouping
                0x00000000080036ec       0x48 ./Drivers/STM32F1xx_HAL_Driver/Src/stm32f1xx_hal_cortex.o
 .text.__NVIC_GetPriorityGrouping
                0x0000000008003734       0x1c ./Drivers/STM32F1xx_HAL_Driver/Src/stm32f1xx_hal_cortex.o
 .text.__NVIC_EnableIRQ
                0x0000000008003750       0x38 ./Drivers/STM32F1xx_HAL_Driver/Src/stm32f1xx_hal_cortex.o
 .text.__NVIC_SetPriority
                0x0000000008003788       0x54 ./Drivers/STM32F1xx_HAL_Driver/Src/stm32f1xx_hal_cortex.o
 .text.NVIC_EncodePriority
                0x00000000080037dc       0x64 ./Drivers/STM32F1xx_HAL_Driver/Src/stm32f1xx_hal_cortex.o
 .text.SysTick_Config
                0x0000000008003840       0x44 ./Drivers/STM32F1xx_HAL_Driver/Src/stm32f1xx_hal_cortex.o
 .text.HAL_NVIC_SetPriorityGrouping
                0x0000000008003884       0x16 ./Drivers/STM32F1xx_HAL_Driver/Src/stm32f1xx_hal_cortex.o
                0x0000000008003884                HAL_NVIC_SetPriorityGrouping
 .text.HAL_NVIC_SetPriority
                0x000000000800389a       0x38 ./Drivers/STM32F1xx_HAL_Driver/Src/stm32f1xx_hal_cortex.o
                0x000000000800389a                HAL_NVIC_SetPriority
 .text.HAL_NVIC_EnableIRQ
                0x00000000080038d2       0x1c ./Drivers/STM32F1xx_HAL_Driver/Src/stm32f1xx_hal_cortex.o
                0x00000000080038d2                HAL_NVIC_EnableIRQ
 .text.HAL_SYSTICK_Config
                0x00000000080038ee       0x18 ./Drivers/STM32F1xx_HAL_Driver/Src/stm32f1xx_hal_cortex.o
                0x00000000080038ee                HAL_SYSTICK_Config
 *fill*         0x0000000008003906        0x2 
 .text.HAL_GPIO_Init
                0x0000000008003908      0x308 ./Drivers/STM32F1xx_HAL_Driver/Src/stm32f1xx_hal_gpio.o
                0x0000000008003908                HAL_GPIO_Init
 .text.HAL_GPIO_ReadPin
                0x0000000008003c10       0x2e ./Drivers/STM32F1xx_HAL_Driver/Src/stm32f1xx_hal_gpio.o
                0x0000000008003c10                HAL_GPIO_ReadPin
 .text.HAL_GPIO_WritePin
                0x0000000008003c3e       0x30 ./Drivers/STM32F1xx_HAL_Driver/Src/stm32f1xx_hal_gpio.o
                0x0000000008003c3e                HAL_GPIO_WritePin
 *fill*         0x0000000008003c6e        0x2 
 .text.HAL_I2C_Init
                0x0000000008003c70      0x288 ./Drivers/STM32F1xx_HAL_Driver/Src/stm32f1xx_hal_i2c.o
                0x0000000008003c70                HAL_I2C_Init
 .text.HAL_I2C_Master_Transmit
                0x0000000008003ef8      0x1fc ./Drivers/STM32F1xx_HAL_Driver/Src/stm32f1xx_hal_i2c.o
                0x0000000008003ef8                HAL_I2C_Master_Transmit
 .text.HAL_I2C_Master_Receive
                0x00000000080040f4      0x4c0 ./Drivers/STM32F1xx_HAL_Driver/Src/stm32f1xx_hal_i2c.o
                0x00000000080040f4                HAL_I2C_Master_Receive
 .text.I2C_MasterRequestWrite
                0x00000000080045b4      0x104 ./Drivers/STM32F1xx_HAL_Driver/Src/stm32f1xx_hal_i2c.o
 .text.I2C_MasterRequestRead
                0x00000000080046b8      0x19c ./Drivers/STM32F1xx_HAL_Driver/Src/stm32f1xx_hal_i2c.o
 .text.I2C_WaitOnFlagUntilTimeout
                0x0000000008004854       0xae ./Drivers/STM32F1xx_HAL_Driver/Src/stm32f1xx_hal_i2c.o
 .text.I2C_WaitOnMasterAddressFlagUntilTimeout
                0x0000000008004902       0xfe ./Drivers/STM32F1xx_HAL_Driver/Src/stm32f1xx_hal_i2c.o
 .text.I2C_WaitOnTXEFlagUntilTimeout
                0x0000000008004a00       0x82 ./Drivers/STM32F1xx_HAL_Driver/Src/stm32f1xx_hal_i2c.o
 .text.I2C_WaitOnBTFFlagUntilTimeout
                0x0000000008004a82       0x82 ./Drivers/STM32F1xx_HAL_Driver/Src/stm32f1xx_hal_i2c.o
 .text.I2C_WaitOnRXNEFlagUntilTimeout
                0x0000000008004b04       0xac ./Drivers/STM32F1xx_HAL_Driver/Src/stm32f1xx_hal_i2c.o
 .text.I2C_IsAcknowledgeFailed
                0x0000000008004bb0       0x5c ./Drivers/STM32F1xx_HAL_Driver/Src/stm32f1xx_hal_i2c.o
 .text.HAL_PCD_Init
                0x0000000008004c0c      0x216 ./Drivers/STM32F1xx_HAL_Driver/Src/stm32f1xx_hal_pcd.o
                0x0000000008004c0c                HAL_PCD_Init
 .text.HAL_PCD_Start
                0x0000000008004e22       0x4c ./Drivers/STM32F1xx_HAL_Driver/Src/stm32f1xx_hal_pcd.o
                0x0000000008004e22                HAL_PCD_Start
 .text.HAL_PCD_IRQHandler
                0x0000000008004e6e      0x2a6 ./Drivers/STM32F1xx_HAL_Driver/Src/stm32f1xx_hal_pcd.o
                0x0000000008004e6e                HAL_PCD_IRQHandler
 .text.HAL_PCD_SetAddress
                0x0000000008005114       0x4a ./Drivers/STM32F1xx_HAL_Driver/Src/stm32f1xx_hal_pcd.o
                0x0000000008005114                HAL_PCD_SetAddress
 .text.HAL_PCD_EP_Open
                0x000000000800515e       0xcc ./Drivers/STM32F1xx_HAL_Driver/Src/stm32f1xx_hal_pcd.o
                0x000000000800515e                HAL_PCD_EP_Open
 .text.HAL_PCD_EP_Close
                0x000000000800522a       0x90 ./Drivers/STM32F1xx_HAL_Driver/Src/stm32f1xx_hal_pcd.o
                0x000000000800522a                HAL_PCD_EP_Close
 .text.HAL_PCD_EP_Receive
                0x00000000080052ba       0x7a ./Drivers/STM32F1xx_HAL_Driver/Src/stm32f1xx_hal_pcd.o
                0x00000000080052ba                HAL_PCD_EP_Receive
 .text.HAL_PCD_EP_Transmit
                0x0000000008005334       0x86 ./Drivers/STM32F1xx_HAL_Driver/Src/stm32f1xx_hal_pcd.o
                0x0000000008005334                HAL_PCD_EP_Transmit
 .text.HAL_PCD_EP_SetStall
                0x00000000080053ba       0xc0 ./Drivers/STM32F1xx_HAL_Driver/Src/stm32f1xx_hal_pcd.o
                0x00000000080053ba                HAL_PCD_EP_SetStall
 .text.HAL_PCD_EP_ClrStall
                0x000000000800547a       0xa8 ./Drivers/STM32F1xx_HAL_Driver/Src/stm32f1xx_hal_pcd.o
                0x000000000800547a                HAL_PCD_EP_ClrStall
 .text.PCD_EP_ISR_Handler
                0x0000000008005522      0x5e4 ./Drivers/STM32F1xx_HAL_Driver/Src/stm32f1xx_hal_pcd.o
 .text.HAL_PCD_EP_DB_Receive
                0x0000000008005b06      0x21a ./Drivers/STM32F1xx_HAL_Driver/Src/stm32f1xx_hal_pcd.o
 .text.HAL_PCD_EP_DB_Transmit
                0x0000000008005d20      0x556 ./Drivers/STM32F1xx_HAL_Driver/Src/stm32f1xx_hal_pcd.o
 .text.HAL_PCDEx_PMAConfig
                0x0000000008006276       0x84 ./Drivers/STM32F1xx_HAL_Driver/Src/stm32f1xx_hal_pcd_ex.o
                0x0000000008006276                HAL_PCDEx_PMAConfig
 *fill*         0x00000000080062fa        0x2 
 .text.HAL_RCC_OscConfig
                0x00000000080062fc      0x504 ./Drivers/STM32F1xx_HAL_Driver/Src/stm32f1xx_hal_rcc.o
                0x00000000080062fc                HAL_RCC_OscConfig
 .text.HAL_RCC_ClockConfig
                0x0000000008006800      0x1d4 ./Drivers/STM32F1xx_HAL_Driver/Src/stm32f1xx_hal_rcc.o
                0x0000000008006800                HAL_RCC_ClockConfig
 .text.HAL_RCC_GetSysClockFreq
                0x00000000080069d4       0xbc ./Drivers/STM32F1xx_HAL_Driver/Src/stm32f1xx_hal_rcc.o
                0x00000000080069d4                HAL_RCC_GetSysClockFreq
 .text.HAL_RCC_GetHCLKFreq
                0x0000000008006a90       0x14 ./Drivers/STM32F1xx_HAL_Driver/Src/stm32f1xx_hal_rcc.o
                0x0000000008006a90                HAL_RCC_GetHCLKFreq
 .text.HAL_RCC_GetPCLK1Freq
                0x0000000008006aa4       0x28 ./Drivers/STM32F1xx_HAL_Driver/Src/stm32f1xx_hal_rcc.o
                0x0000000008006aa4                HAL_RCC_GetPCLK1Freq
 .text.HAL_RCC_GetPCLK2Freq
                0x0000000008006acc       0x28 ./Drivers/STM32F1xx_HAL_Driver/Src/stm32f1xx_hal_rcc.o
                0x0000000008006acc                HAL_RCC_GetPCLK2Freq
 .text.RCC_Delay
                0x0000000008006af4       0x3c ./Drivers/STM32F1xx_HAL_Driver/Src/stm32f1xx_hal_rcc.o
 .text.HAL_RCCEx_PeriphCLKConfig
                0x0000000008006b30      0x16c ./Drivers/STM32F1xx_HAL_Driver/Src/stm32f1xx_hal_rcc_ex.o
                0x0000000008006b30                HAL_RCCEx_PeriphCLKConfig
 .text.HAL_RCCEx_GetPeriphCLKFreq
                0x0000000008006c9c      0x180 ./Drivers/STM32F1xx_HAL_Driver/Src/stm32f1xx_hal_rcc_ex.o
                0x0000000008006c9c                HAL_RCCEx_GetPeriphCLKFreq
 .text.HAL_TIM_Base_Init
                0x0000000008006e1c       0x9e ./Drivers/STM32F1xx_HAL_Driver/Src/stm32f1xx_hal_tim.o
                0x0000000008006e1c                HAL_TIM_Base_Init
 .text.HAL_TIM_PWM_Init
                0x0000000008006eba       0x9e ./Drivers/STM32F1xx_HAL_Driver/Src/stm32f1xx_hal_tim.o
                0x0000000008006eba                HAL_TIM_PWM_Init
 .text.HAL_TIM_PWM_MspInit
                0x0000000008006f58       0x12 ./Drivers/STM32F1xx_HAL_Driver/Src/stm32f1xx_hal_tim.o
                0x0000000008006f58                HAL_TIM_PWM_MspInit
 *fill*         0x0000000008006f6a        0x2 
 .text.HAL_TIM_PWM_Start
                0x0000000008006f6c      0x144 ./Drivers/STM32F1xx_HAL_Driver/Src/stm32f1xx_hal_tim.o
                0x0000000008006f6c                HAL_TIM_PWM_Start
 .text.HAL_TIM_Encoder_Init
                0x00000000080070b0      0x144 ./Drivers/STM32F1xx_HAL_Driver/Src/stm32f1xx_hal_tim.o
                0x00000000080070b0                HAL_TIM_Encoder_Init
 .text.HAL_TIM_Encoder_Start
                0x00000000080071f4      0x11c ./Drivers/STM32F1xx_HAL_Driver/Src/stm32f1xx_hal_tim.o
                0x00000000080071f4                HAL_TIM_Encoder_Start
 .text.HAL_TIM_PWM_ConfigChannel
                0x0000000008007310      0x17c ./Drivers/STM32F1xx_HAL_Driver/Src/stm32f1xx_hal_tim.o
                0x0000000008007310                HAL_TIM_PWM_ConfigChannel
 .text.HAL_TIM_ConfigClockSource
                0x000000000800748c      0x188 ./Drivers/STM32F1xx_HAL_Driver/Src/stm32f1xx_hal_tim.o
                0x000000000800748c                HAL_TIM_ConfigClockSource
 .text.TIM_Base_SetConfig
                0x0000000008007614       0xc4 ./Drivers/STM32F1xx_HAL_Driver/Src/stm32f1xx_hal_tim.o
                0x0000000008007614                TIM_Base_SetConfig
 .text.TIM_OC1_SetConfig
                0x00000000080076d8       0xcc ./Drivers/STM32F1xx_HAL_Driver/Src/stm32f1xx_hal_tim.o
 .text.TIM_OC2_SetConfig
                0x00000000080077a4       0xd4 ./Drivers/STM32F1xx_HAL_Driver/Src/stm32f1xx_hal_tim.o
                0x00000000080077a4                TIM_OC2_SetConfig
 .text.TIM_OC3_SetConfig
                0x0000000008007878       0xd4 ./Drivers/STM32F1xx_HAL_Driver/Src/stm32f1xx_hal_tim.o
 .text.TIM_OC4_SetConfig
                0x000000000800794c       0x9c ./Drivers/STM32F1xx_HAL_Driver/Src/stm32f1xx_hal_tim.o
 .text.TIM_TI1_ConfigInputStage
                0x00000000080079e8       0x5c ./Drivers/STM32F1xx_HAL_Driver/Src/stm32f1xx_hal_tim.o
 .text.TIM_TI2_ConfigInputStage
                0x0000000008007a44       0x5e ./Drivers/STM32F1xx_HAL_Driver/Src/stm32f1xx_hal_tim.o
 .text.TIM_ITRx_SetConfig
                0x0000000008007aa2       0x34 ./Drivers/STM32F1xx_HAL_Driver/Src/stm32f1xx_hal_tim.o
 .text.TIM_ETR_SetConfig
                0x0000000008007ad6       0x3e ./Drivers/STM32F1xx_HAL_Driver/Src/stm32f1xx_hal_tim.o
                0x0000000008007ad6                TIM_ETR_SetConfig
 .text.TIM_CCxChannelCmd
                0x0000000008007b14       0x48 ./Drivers/STM32F1xx_HAL_Driver/Src/stm32f1xx_hal_tim.o
                0x0000000008007b14                TIM_CCxChannelCmd
 .text.HAL_TIMEx_MasterConfigSynchronization
                0x0000000008007b5c       0xbc ./Drivers/STM32F1xx_HAL_Driver/Src/stm32f1xx_hal_tim_ex.o
                0x0000000008007b5c                HAL_TIMEx_MasterConfigSynchronization
 .text.USB_CoreInit
                0x0000000008007c18       0x20 ./Drivers/STM32F1xx_HAL_Driver/Src/stm32f1xx_ll_usb.o
                0x0000000008007c18                USB_CoreInit
 .text.USB_EnableGlobalInt
                0x0000000008007c38       0x2c ./Drivers/STM32F1xx_HAL_Driver/Src/stm32f1xx_ll_usb.o
                0x0000000008007c38                USB_EnableGlobalInt
 .text.USB_DisableGlobalInt
                0x0000000008007c64       0x34 ./Drivers/STM32F1xx_HAL_Driver/Src/stm32f1xx_ll_usb.o
                0x0000000008007c64                USB_DisableGlobalInt
 .text.USB_SetCurrentMode
                0x0000000008007c98       0x18 ./Drivers/STM32F1xx_HAL_Driver/Src/stm32f1xx_ll_usb.o
                0x0000000008007c98                USB_SetCurrentMode
 .text.USB_DevInit
                0x0000000008007cb0       0x40 ./Drivers/STM32F1xx_HAL_Driver/Src/stm32f1xx_ll_usb.o
                0x0000000008007cb0                USB_DevInit
 .text.USB_ActivateEndpoint
                0x0000000008007cf0      0x6d4 ./Drivers/STM32F1xx_HAL_Driver/Src/stm32f1xx_ll_usb.o
                0x0000000008007cf0                USB_ActivateEndpoint
 .text.USB_DeactivateEndpoint
                0x00000000080083c4      0x3d8 ./Drivers/STM32F1xx_HAL_Driver/Src/stm32f1xx_ll_usb.o
                0x00000000080083c4                USB_DeactivateEndpoint
 .text.USB_EPStartXfer
                0x000000000800879c     0x174e ./Drivers/STM32F1xx_HAL_Driver/Src/stm32f1xx_ll_usb.o
                0x000000000800879c                USB_EPStartXfer
 .text.USB_EPSetStall
                0x0000000008009eea       0xa0 ./Drivers/STM32F1xx_HAL_Driver/Src/stm32f1xx_ll_usb.o
                0x0000000008009eea                USB_EPSetStall
 .text.USB_EPClearStall
                0x0000000008009f8a      0x15a ./Drivers/STM32F1xx_HAL_Driver/Src/stm32f1xx_ll_usb.o
                0x0000000008009f8a                USB_EPClearStall
 .text.USB_SetDevAddress
                0x000000000800a0e4       0x26 ./Drivers/STM32F1xx_HAL_Driver/Src/stm32f1xx_ll_usb.o
                0x000000000800a0e4                USB_SetDevAddress
 .text.USB_DevConnect
                0x000000000800a10a       0x14 ./Drivers/STM32F1xx_HAL_Driver/Src/stm32f1xx_ll_usb.o
                0x000000000800a10a                USB_DevConnect
 .text.USB_DevDisconnect
                0x000000000800a11e       0x14 ./Drivers/STM32F1xx_HAL_Driver/Src/stm32f1xx_ll_usb.o
                0x000000000800a11e                USB_DevDisconnect
 .text.USB_ReadInterrupts
                0x000000000800a132       0x1e ./Drivers/STM32F1xx_HAL_Driver/Src/stm32f1xx_ll_usb.o
                0x000000000800a132                USB_ReadInterrupts
 .text.USB_EP0_OutStart
                0x000000000800a150       0x16 ./Drivers/STM32F1xx_HAL_Driver/Src/stm32f1xx_ll_usb.o
                0x000000000800a150                USB_EP0_OutStart
 .text.USB_WritePMA
                0x000000000800a166       0x88 ./Drivers/STM32F1xx_HAL_Driver/Src/stm32f1xx_ll_usb.o
                0x000000000800a166                USB_WritePMA
 .text.USB_ReadPMA
                0x000000000800a1ee       0x9e ./Drivers/STM32F1xx_HAL_Driver/Src/stm32f1xx_ll_usb.o
                0x000000000800a1ee                USB_ReadPMA
 .text.USBD_CUSTOM_HID_Init
                0x000000000800a28c       0x84 ./Middlewares/ST/STM32_USB_Device_Library/Class/CustomHID/Src/usbd_customhid.o
 .text.USBD_CUSTOM_HID_DeInit
                0x000000000800a310       0x5c ./Middlewares/ST/STM32_USB_Device_Library/Class/CustomHID/Src/usbd_customhid.o
 .text.USBD_CUSTOM_HID_Setup
                0x000000000800a36c      0x214 ./Middlewares/ST/STM32_USB_Device_Library/Class/CustomHID/Src/usbd_customhid.o
 .text.USBD_CUSTOM_HID_SendReport
                0x000000000800a580       0x4e ./Middlewares/ST/STM32_USB_Device_Library/Class/CustomHID/Src/usbd_customhid.o
                0x000000000800a580                USBD_CUSTOM_HID_SendReport
 *fill*         0x000000000800a5ce        0x2 
 .text.USBD_CUSTOM_HID_GetFSCfgDesc
                0x000000000800a5d0       0x20 ./Middlewares/ST/STM32_USB_Device_Library/Class/CustomHID/Src/usbd_customhid.o
 .text.USBD_CUSTOM_HID_GetHSCfgDesc
                0x000000000800a5f0       0x20 ./Middlewares/ST/STM32_USB_Device_Library/Class/CustomHID/Src/usbd_customhid.o
 .text.USBD_CUSTOM_HID_GetOtherSpeedCfgDesc
                0x000000000800a610       0x20 ./Middlewares/ST/STM32_USB_Device_Library/Class/CustomHID/Src/usbd_customhid.o
 .text.USBD_CUSTOM_HID_DataIn
                0x000000000800a630       0x24 ./Middlewares/ST/STM32_USB_Device_Library/Class/CustomHID/Src/usbd_customhid.o
 .text.USBD_CUSTOM_HID_DataOut
                0x000000000800a654       0x38 ./Middlewares/ST/STM32_USB_Device_Library/Class/CustomHID/Src/usbd_customhid.o
 .text.USBD_CUSTOM_HID_EP0_RxReady
                0x000000000800a68c       0x36 ./Middlewares/ST/STM32_USB_Device_Library/Class/CustomHID/Src/usbd_customhid.o
 *fill*         0x000000000800a6c2        0x2 
 .text.USBD_CUSTOM_HID_GetDeviceQualifierDesc
                0x000000000800a6c4       0x20 ./Middlewares/ST/STM32_USB_Device_Library/Class/CustomHID/Src/usbd_customhid.o
 .text.USBD_CUSTOM_HID_RegisterInterface
                0x000000000800a6e4       0x2c ./Middlewares/ST/STM32_USB_Device_Library/Class/CustomHID/Src/usbd_customhid.o
                0x000000000800a6e4                USBD_CUSTOM_HID_RegisterInterface
 .text.USBD_Init
                0x000000000800a710       0x56 ./Middlewares/ST/STM32_USB_Device_Library/Core/Src/usbd_core.o
                0x000000000800a710                USBD_Init
 .text.USBD_RegisterClass
                0x000000000800a766       0x32 ./Middlewares/ST/STM32_USB_Device_Library/Core/Src/usbd_core.o
                0x000000000800a766                USBD_RegisterClass
 .text.USBD_Start
                0x000000000800a798       0x18 ./Middlewares/ST/STM32_USB_Device_Library/Core/Src/usbd_core.o
                0x000000000800a798                USBD_Start
 .text.USBD_RunTestMode
                0x000000000800a7b0       0x14 ./Middlewares/ST/STM32_USB_Device_Library/Core/Src/usbd_core.o
                0x000000000800a7b0                USBD_RunTestMode
 .text.USBD_SetClassConfig
                0x000000000800a7c4       0x3e ./Middlewares/ST/STM32_USB_Device_Library/Core/Src/usbd_core.o
                0x000000000800a7c4                USBD_SetClassConfig
 .text.USBD_ClrClassConfig
                0x000000000800a802       0x26 ./Middlewares/ST/STM32_USB_Device_Library/Core/Src/usbd_core.o
                0x000000000800a802                USBD_ClrClassConfig
 .text.USBD_LL_SetupStage
                0x000000000800a828       0x9a ./Middlewares/ST/STM32_USB_Device_Library/Core/Src/usbd_core.o
                0x000000000800a828                USBD_LL_SetupStage
 .text.USBD_LL_DataOutStage
                0x000000000800a8c2       0xe2 ./Middlewares/ST/STM32_USB_Device_Library/Core/Src/usbd_core.o
                0x000000000800a8c2                USBD_LL_DataOutStage
 .text.USBD_LL_DataInStage
                0x000000000800a9a4      0x14a ./Middlewares/ST/STM32_USB_Device_Library/Core/Src/usbd_core.o
                0x000000000800a9a4                USBD_LL_DataInStage
 .text.USBD_LL_Reset
                0x000000000800aaee       0x82 ./Middlewares/ST/STM32_USB_Device_Library/Core/Src/usbd_core.o
                0x000000000800aaee                USBD_LL_Reset
 .text.USBD_LL_SetSpeed
                0x000000000800ab70       0x1e ./Middlewares/ST/STM32_USB_Device_Library/Core/Src/usbd_core.o
                0x000000000800ab70                USBD_LL_SetSpeed
 .text.USBD_LL_Suspend
                0x000000000800ab8e       0x28 ./Middlewares/ST/STM32_USB_Device_Library/Core/Src/usbd_core.o
                0x000000000800ab8e                USBD_LL_Suspend
 .text.USBD_LL_Resume
                0x000000000800abb6       0x2a ./Middlewares/ST/STM32_USB_Device_Library/Core/Src/usbd_core.o
                0x000000000800abb6                USBD_LL_Resume
 .text.USBD_LL_SOF
                0x000000000800abe0       0x34 ./Middlewares/ST/STM32_USB_Device_Library/Core/Src/usbd_core.o
                0x000000000800abe0                USBD_LL_SOF
 .text.USBD_StdDevReq
                0x000000000800ac14       0xd4 ./Middlewares/ST/STM32_USB_Device_Library/Core/Src/usbd_ctlreq.o
                0x000000000800ac14                USBD_StdDevReq
 .text.USBD_StdItfReq
                0x000000000800ace8       0x90 ./Middlewares/ST/STM32_USB_Device_Library/Core/Src/usbd_ctlreq.o
                0x000000000800ace8                USBD_StdItfReq
 .text.USBD_StdEPReq
                0x000000000800ad78      0x2c6 ./Middlewares/ST/STM32_USB_Device_Library/Core/Src/usbd_ctlreq.o
                0x000000000800ad78                USBD_StdEPReq
 *fill*         0x000000000800b03e        0x2 
 .text.USBD_GetDescriptor
                0x000000000800b040      0x2d0 ./Middlewares/ST/STM32_USB_Device_Library/Core/Src/usbd_ctlreq.o
 .text.USBD_SetAddress
                0x000000000800b310       0x86 ./Middlewares/ST/STM32_USB_Device_Library/Core/Src/usbd_ctlreq.o
 *fill*         0x000000000800b396        0x2 
 .text.USBD_SetConfig
                0x000000000800b398      0x11c ./Middlewares/ST/STM32_USB_Device_Library/Core/Src/usbd_ctlreq.o
 .text.USBD_GetConfig
                0x000000000800b4b4       0x6a ./Middlewares/ST/STM32_USB_Device_Library/Core/Src/usbd_ctlreq.o
 .text.USBD_GetStatus
                0x000000000800b51e       0x66 ./Middlewares/ST/STM32_USB_Device_Library/Core/Src/usbd_ctlreq.o
 .text.USBD_SetFeature
                0x000000000800b584       0x28 ./Middlewares/ST/STM32_USB_Device_Library/Core/Src/usbd_ctlreq.o
 .text.USBD_ClrFeature
                0x000000000800b5ac       0x42 ./Middlewares/ST/STM32_USB_Device_Library/Core/Src/usbd_ctlreq.o
 .text.USBD_ParseSetupRequest
                0x000000000800b5ee       0x72 ./Middlewares/ST/STM32_USB_Device_Library/Core/Src/usbd_ctlreq.o
                0x000000000800b5ee                USBD_ParseSetupRequest
 .text.USBD_CtlError
                0x000000000800b660       0x22 ./Middlewares/ST/STM32_USB_Device_Library/Core/Src/usbd_ctlreq.o
                0x000000000800b660                USBD_CtlError
 .text.USBD_GetString
                0x000000000800b682       0x84 ./Middlewares/ST/STM32_USB_Device_Library/Core/Src/usbd_ctlreq.o
                0x000000000800b682                USBD_GetString
 .text.USBD_GetLen
                0x000000000800b706       0x2e ./Middlewares/ST/STM32_USB_Device_Library/Core/Src/usbd_ctlreq.o
 .text.USBD_CtlSendData
                0x000000000800b734       0x38 ./Middlewares/ST/STM32_USB_Device_Library/Core/Src/usbd_ioreq.o
                0x000000000800b734                USBD_CtlSendData
 .text.USBD_CtlContinueSendData
                0x000000000800b76c       0x24 ./Middlewares/ST/STM32_USB_Device_Library/Core/Src/usbd_ioreq.o
                0x000000000800b76c                USBD_CtlContinueSendData
 .text.USBD_CtlPrepareRx
                0x000000000800b790       0x3c ./Middlewares/ST/STM32_USB_Device_Library/Core/Src/usbd_ioreq.o
                0x000000000800b790                USBD_CtlPrepareRx
 .text.USBD_CtlContinueRx
                0x000000000800b7cc       0x24 ./Middlewares/ST/STM32_USB_Device_Library/Core/Src/usbd_ioreq.o
                0x000000000800b7cc                USBD_CtlContinueRx
 .text.USBD_CtlSendStatus
                0x000000000800b7f0       0x26 ./Middlewares/ST/STM32_USB_Device_Library/Core/Src/usbd_ioreq.o
                0x000000000800b7f0                USBD_CtlSendStatus
 .text.USBD_CtlReceiveStatus
                0x000000000800b816       0x26 ./Middlewares/ST/STM32_USB_Device_Library/Core/Src/usbd_ioreq.o
                0x000000000800b816                USBD_CtlReceiveStatus
 .text.MX_USB_DEVICE_Init
                0x000000000800b83c       0x60 ./USB_DEVICE/App/usb_device.o
                0x000000000800b83c                MX_USB_DEVICE_Init
 .text.CUSTOM_HID_Init_FS
                0x000000000800b89c        0xe ./USB_DEVICE/App/usbd_custom_hid_if.o
 .text.CUSTOM_HID_DeInit_FS
                0x000000000800b8aa        0xe ./USB_DEVICE/App/usbd_custom_hid_if.o
 .text.CUSTOM_HID_OutEvent_FS
                0x000000000800b8b8       0x18 ./USB_DEVICE/App/usbd_custom_hid_if.o
 .text.USBD_FS_DeviceDescriptor
                0x000000000800b8d0       0x24 ./USB_DEVICE/App/usbd_desc.o
                0x000000000800b8d0                USBD_FS_DeviceDescriptor
 .text.USBD_FS_LangIDStrDescriptor
                0x000000000800b8f4       0x24 ./USB_DEVICE/App/usbd_desc.o
                0x000000000800b8f4                USBD_FS_LangIDStrDescriptor
 .text.USBD_FS_ProductStrDescriptor
                0x000000000800b918       0x3c ./USB_DEVICE/App/usbd_desc.o
                0x000000000800b918                USBD_FS_ProductStrDescriptor
 .text.USBD_FS_ManufacturerStrDescriptor
                0x000000000800b954       0x28 ./USB_DEVICE/App/usbd_desc.o
                0x000000000800b954                USBD_FS_ManufacturerStrDescriptor
 .text.USBD_FS_SerialStrDescriptor
                0x000000000800b97c       0x24 ./USB_DEVICE/App/usbd_desc.o
                0x000000000800b97c                USBD_FS_SerialStrDescriptor
 .text.USBD_FS_ConfigStrDescriptor
                0x000000000800b9a0       0x3c ./USB_DEVICE/App/usbd_desc.o
                0x000000000800b9a0                USBD_FS_ConfigStrDescriptor
 .text.USBD_FS_InterfaceStrDescriptor
                0x000000000800b9dc       0x3c ./USB_DEVICE/App/usbd_desc.o
                0x000000000800b9dc                USBD_FS_InterfaceStrDescriptor
 .text.Get_SerialNum
                0x000000000800ba18       0x58 ./USB_DEVICE/App/usbd_desc.o
 .text.IntToUnicode
                0x000000000800ba70       0x7c ./USB_DEVICE/App/usbd_desc.o
 .text.HAL_PCD_MspInit
                0x000000000800baec       0x4c ./USB_DEVICE/Target/usbd_conf.o
                0x000000000800baec                HAL_PCD_MspInit
 .text.HAL_PCD_SetupStageCallback
                0x000000000800bb38       0x24 ./USB_DEVICE/Target/usbd_conf.o
                0x000000000800bb38                HAL_PCD_SetupStageCallback
 .text.HAL_PCD_DataOutStageCallback
                0x000000000800bb5c       0x36 ./USB_DEVICE/Target/usbd_conf.o
                0x000000000800bb5c                HAL_PCD_DataOutStageCallback
 .text.HAL_PCD_DataInStageCallback
                0x000000000800bb92       0x34 ./USB_DEVICE/Target/usbd_conf.o
                0x000000000800bb92                HAL_PCD_DataInStageCallback
 .text.HAL_PCD_SOFCallback
                0x000000000800bbc6       0x1c ./USB_DEVICE/Target/usbd_conf.o
                0x000000000800bbc6                HAL_PCD_SOFCallback
 .text.HAL_PCD_ResetCallback
                0x000000000800bbe2       0x3c ./USB_DEVICE/Target/usbd_conf.o
                0x000000000800bbe2                HAL_PCD_ResetCallback
 *fill*         0x000000000800bc1e        0x2 
 .text.HAL_PCD_SuspendCallback
                0x000000000800bc20       0x34 ./USB_DEVICE/Target/usbd_conf.o
                0x000000000800bc20                HAL_PCD_SuspendCallback
 .text.HAL_PCD_ResumeCallback
                0x000000000800bc54       0x1c ./USB_DEVICE/Target/usbd_conf.o
                0x000000000800bc54                HAL_PCD_ResumeCallback
 .text.USBD_LL_Init
                0x000000000800bc70       0xa0 ./USB_DEVICE/Target/usbd_conf.o
                0x000000000800bc70                USBD_LL_Init
 .text.USBD_LL_Start
                0x000000000800bd10       0x36 ./USB_DEVICE/Target/usbd_conf.o
                0x000000000800bd10                USBD_LL_Start
 .text.USBD_LL_OpenEP
                0x000000000800bd46       0x4c ./USB_DEVICE/Target/usbd_conf.o
                0x000000000800bd46                USBD_LL_OpenEP
 .text.USBD_LL_CloseEP
                0x000000000800bd92       0x3e ./USB_DEVICE/Target/usbd_conf.o
                0x000000000800bd92                USBD_LL_CloseEP
 .text.USBD_LL_StallEP
                0x000000000800bdd0       0x3e ./USB_DEVICE/Target/usbd_conf.o
                0x000000000800bdd0                USBD_LL_StallEP
 .text.USBD_LL_ClearStallEP
                0x000000000800be0e       0x3e ./USB_DEVICE/Target/usbd_conf.o
                0x000000000800be0e                USBD_LL_ClearStallEP
 .text.USBD_LL_IsStallEP
                0x000000000800be4c       0x58 ./USB_DEVICE/Target/usbd_conf.o
                0x000000000800be4c                USBD_LL_IsStallEP
 .text.USBD_LL_SetUSBAddress
                0x000000000800bea4       0x3e ./USB_DEVICE/Target/usbd_conf.o
                0x000000000800bea4                USBD_LL_SetUSBAddress
 .text.USBD_LL_Transmit
                0x000000000800bee2       0x46 ./USB_DEVICE/Target/usbd_conf.o
                0x000000000800bee2                USBD_LL_Transmit
 .text.USBD_LL_PrepareReceive
                0x000000000800bf28       0x46 ./USB_DEVICE/Target/usbd_conf.o
                0x000000000800bf28                USBD_LL_PrepareReceive
 *fill*         0x000000000800bf6e        0x2 
 .text.USBD_static_malloc
                0x000000000800bf70       0x18 ./USB_DEVICE/Target/usbd_conf.o
                0x000000000800bf70                USBD_static_malloc
 .text.USBD_static_free
                0x000000000800bf88       0x12 ./USB_DEVICE/Target/usbd_conf.o
                0x000000000800bf88                USBD_static_free
 .text.HAL_PCDEx_SetConnectionState
                0x000000000800bf9a       0x16 ./USB_DEVICE/Target/usbd_conf.o
                0x000000000800bf9a                HAL_PCDEx_SetConnectionState
 .text.USBD_Get_USB_Status
                0x000000000800bfb0       0x58 ./USB_DEVICE/Target/usbd_conf.o
 .text.__libc_init_array
                0x000000000800c008       0x48 /usr/lib/gcc/arm-none-eabi/12.1.0/../../../../arm-none-eabi/lib/thumb/v7-m/nofp/libc_nano.a(lib_a-init.o)
                0x000000000800c008                __libc_init_array
 .text.memset   0x000000000800c050       0x10 /usr/lib/gcc/arm-none-eabi/12.1.0/../../../../arm-none-eabi/lib/thumb/v7-m/nofp/libc_nano.a(lib_a-memset.o)
                0x000000000800c050                memset
 *(.glue_7)
 .glue_7        0x000000000800c060        0x0 linker stubs
 *(.glue_7t)
 .glue_7t       0x000000000800c060        0x0 linker stubs
 *(.eh_frame)
 .eh_frame      0x000000000800c060        0x0 /usr/lib/gcc/arm-none-eabi/12.1.0/thumb/v7-m/nofp/crtbegin.o
 *(.init)
 .init          0x000000000800c060        0x4 /usr/lib/gcc/arm-none-eabi/12.1.0/thumb/v7-m/nofp/crti.o
                0x000000000800c060                _init
 .init          0x000000000800c064        0x8 /usr/lib/gcc/arm-none-eabi/12.1.0/thumb/v7-m/nofp/crtn.o
 *(.fini)
 .fini          0x000000000800c06c        0x4 /usr/lib/gcc/arm-none-eabi/12.1.0/thumb/v7-m/nofp/crti.o
                0x000000000800c06c                _fini
 .fini          0x000000000800c070        0x8 /usr/lib/gcc/arm-none-eabi/12.1.0/thumb/v7-m/nofp/crtn.o
                0x000000000800c078                . = ALIGN (0x4)
                0x000000000800c078                _etext = .

.vfp11_veneer   0x000000000800c078        0x0
 .vfp11_veneer  0x000000000800c078        0x0 linker stubs

.v4_bx          0x000000000800c078        0x0
 .v4_bx         0x000000000800c078        0x0 linker stubs

.iplt           0x000000000800c078        0x0
 .iplt          0x000000000800c078        0x0 /usr/lib/gcc/arm-none-eabi/12.1.0/thumb/v7-m/nofp/crtbegin.o

.rodata         0x000000000800c078       0x94
                0x000000000800c078                . = ALIGN (0x4)
 *(.rodata)
 .rodata        0x000000000800c078       0x10 ./Drivers/STM32F1xx_HAL_Driver/Src/stm32f1xx_hal_rcc.o
 .rodata        0x000000000800c088       0x10 ./Drivers/STM32F1xx_HAL_Driver/Src/stm32f1xx_hal_rcc_ex.o
 .rodata        0x000000000800c098       0x59 ./USB_DEVICE/App/usbd_desc.o
 *(.rodata*)
 *fill*         0x000000000800c0f1        0x3 
 .rodata.AHBPrescTable
                0x000000000800c0f4       0x10 ./Core/Src/system_stm32f1xx.o
                0x000000000800c0f4                AHBPrescTable
 .rodata.APBPrescTable
                0x000000000800c104        0x8 ./Core/Src/system_stm32f1xx.o
                0x000000000800c104                APBPrescTable
                0x000000000800c10c                . = ALIGN (0x4)

.rel.dyn        0x000000000800c10c        0x0
 .rel.iplt      0x000000000800c10c        0x0 /usr/lib/gcc/arm-none-eabi/12.1.0/thumb/v7-m/nofp/crtbegin.o

.ARM.extab      0x000000000800c10c        0x0
                0x000000000800c10c                . = ALIGN (0x4)
 *(.ARM.extab* .gnu.linkonce.armextab.*)
                0x000000000800c10c                . = ALIGN (0x4)

.ARM            0x000000000800c10c        0x0
                0x000000000800c10c                . = ALIGN (0x4)
                0x000000000800c10c                __exidx_start = .
 *(.ARM.exidx*)
                0x000000000800c10c                __exidx_end = .
                0x000000000800c10c                . = ALIGN (0x4)

.preinit_array  0x000000000800c10c        0x0
                0x000000000800c10c                . = ALIGN (0x4)
                0x000000000800c10c                PROVIDE (__preinit_array_start = .)
 *(.preinit_array*)
                0x000000000800c10c                PROVIDE (__preinit_array_end = .)
                0x000000000800c10c                . = ALIGN (0x4)

.init_array     0x000000000800c10c        0x4
                0x000000000800c10c                . = ALIGN (0x4)
                0x000000000800c10c                PROVIDE (__init_array_start = .)
 *(SORT_BY_NAME(.init_array.*))
 *(.init_array*)
 .init_array    0x000000000800c10c        0x4 /usr/lib/gcc/arm-none-eabi/12.1.0/thumb/v7-m/nofp/crtbegin.o
                0x000000000800c110                PROVIDE (__init_array_end = .)
                0x000000000800c110                . = ALIGN (0x4)

.fini_array     0x000000000800c110        0x4
                0x000000000800c110                . = ALIGN (0x4)
                0x000000000800c110                PROVIDE (__fini_array_start = .)
 *(SORT_BY_NAME(.fini_array.*))
 *(.fini_array*)
 .fini_array    0x000000000800c110        0x4 /usr/lib/gcc/arm-none-eabi/12.1.0/thumb/v7-m/nofp/crtbegin.o
                0x000000000800c114                PROVIDE (__fini_array_end = .)
                0x000000000800c114                . = ALIGN (0x4)
                0x000000000800c114                _sidata = LOADADDR (.data)

.data           0x0000000020000000      0x638 load address 0x000000000800c114
                0x0000000020000000                . = ALIGN (0x4)
                0x0000000020000000                _sdata = .
 *(.data)
 *(.data*)
 .data.SystemCoreClock
                0x0000000020000000        0x4 ./Core/Src/system_stm32f1xx.o
                0x0000000020000000                SystemCoreClock
 .data.uwTickPrio
                0x0000000020000004        0x4 ./Drivers/STM32F1xx_HAL_Driver/Src/stm32f1xx_hal.o
                0x0000000020000004                uwTickPrio
 .data.uwTickFreq
                0x0000000020000008        0x1 ./Drivers/STM32F1xx_HAL_Driver/Src/stm32f1xx_hal.o
                0x0000000020000008                uwTickFreq
 *fill*         0x0000000020000009        0x3 
 .data.USBD_CUSTOM_HID
                0x000000002000000c       0x38 ./Middlewares/ST/STM32_USB_Device_Library/Class/CustomHID/Src/usbd_customhid.o
                0x000000002000000c                USBD_CUSTOM_HID
 .data.USBD_CUSTOM_HID_CfgFSDesc
                0x0000000020000044       0x29 ./Middlewares/ST/STM32_USB_Device_Library/Class/CustomHID/Src/usbd_customhid.o
 *fill*         0x000000002000006d        0x3 
 .data.USBD_CUSTOM_HID_CfgHSDesc
                0x0000000020000070       0x29 ./Middlewares/ST/STM32_USB_Device_Library/Class/CustomHID/Src/usbd_customhid.o
 *fill*         0x0000000020000099        0x3 
 .data.USBD_CUSTOM_HID_OtherSpeedCfgDesc
                0x000000002000009c       0x29 ./Middlewares/ST/STM32_USB_Device_Library/Class/CustomHID/Src/usbd_customhid.o
 *fill*         0x00000000200000c5        0x3 
 .data.USBD_CUSTOM_HID_Desc
                0x00000000200000c8        0x9 ./Middlewares/ST/STM32_USB_Device_Library/Class/CustomHID/Src/usbd_customhid.o
 *fill*         0x00000000200000d1        0x3 
 .data.USBD_CUSTOM_HID_DeviceQualifierDesc
                0x00000000200000d4        0xa ./Middlewares/ST/STM32_USB_Device_Library/Class/CustomHID/Src/usbd_customhid.o
 *fill*         0x00000000200000de        0x2 
 .data.CUSTOM_HID_ReportDesc_FS
                0x00000000200000e0      0x4f7 ./USB_DEVICE/App/usbd_custom_hid_if.o
 *fill*         0x00000000200005d7        0x1 
 .data.USBD_CustomHID_fops_FS
                0x00000000200005d8       0x10 ./USB_DEVICE/App/usbd_custom_hid_if.o
                0x00000000200005d8                USBD_CustomHID_fops_FS
 .data.FS_Desc  0x00000000200005e8       0x1c ./USB_DEVICE/App/usbd_desc.o
                0x00000000200005e8                FS_Desc
 .data.USBD_FS_DeviceDesc
                0x0000000020000604       0x12 ./USB_DEVICE/App/usbd_desc.o
                0x0000000020000604                USBD_FS_DeviceDesc
 *fill*         0x0000000020000616        0x2 
 .data.USBD_LangIDDesc
                0x0000000020000618        0x4 ./USB_DEVICE/App/usbd_desc.o
                0x0000000020000618                USBD_LangIDDesc
 .data.USBD_StringSerial
                0x000000002000061c       0x1a ./USB_DEVICE/App/usbd_desc.o
                0x000000002000061c                USBD_StringSerial
                0x0000000020000638                . = ALIGN (0x4)
 *fill*         0x0000000020000636        0x2 
                0x0000000020000638                _edata = .

.igot.plt       0x0000000020000638        0x0 load address 0x000000000800c74c
 .igot.plt      0x0000000020000638        0x0 /usr/lib/gcc/arm-none-eabi/12.1.0/thumb/v7-m/nofp/crtbegin.o
                0x0000000020000638                . = ALIGN (0x4)

.bss            0x0000000020000638     0x1250 load address 0x000000000800c74c
                0x0000000020000638                _sbss = .
                0x0000000020000638                __bss_start__ = _sbss
 *(.bss)
 *(.bss*)
 .bss.completed.1
                0x0000000020000638        0x1 /usr/lib/gcc/arm-none-eabi/12.1.0/thumb/v7-m/nofp/crtbegin.o
 *fill*         0x0000000020000639        0x3 
 .bss.object.0  0x000000002000063c       0x18 /usr/lib/gcc/arm-none-eabi/12.1.0/thumb/v7-m/nofp/crtbegin.o
 .bss.hadc2     0x0000000020000654       0x30 ./Core/Src/adc.o
                0x0000000020000654                hadc2
 .bss.isEnabledActuator
                0x0000000020000684        0x1 ./Core/Src/forcefeedback.o
                0x0000000020000684                isEnabledActuator
 *fill*         0x0000000020000685        0x3 
 .bss.deviceGain
                0x0000000020000688        0x4 ./Core/Src/forcefeedback.o
                0x0000000020000688                deviceGain
 .bss.effect_block
                0x000000002000068c      0x8f8 ./Core/Src/forcefeedback.o
                0x000000002000068c                effect_block
 .bss.nextNewEffectIndex
                0x0000000020000f84        0x1 ./Core/Src/forcefeedback.o
                0x0000000020000f84                nextNewEffectIndex
 *fill*         0x0000000020000f85        0x3 
 .bss.effectStarted
                0x0000000020000f88       0x29 ./Core/Src/forcefeedback.o
                0x0000000020000f88                effectStarted
 *fill*         0x0000000020000fb1        0x3 
 .bss.pid_block_load_report
                0x0000000020000fb4        0x4 ./Core/Src/forcefeedback.o
                0x0000000020000fb4                pid_block_load_report
 .bss.pid_pool_report
                0x0000000020000fb8        0x6 ./Core/Src/forcefeedback.o
                0x0000000020000fb8                pid_pool_report
 *fill*         0x0000000020000fbe        0x2 
 .bss.hi2c1     0x0000000020000fc0       0x54 ./Core/Src/i2c.o
                0x0000000020000fc0                hi2c1
 .bss.htim1     0x0000000020001014       0x48 ./Core/Src/tim.o
                0x0000000020001014                htim1
 .bss.htim2     0x000000002000105c       0x48 ./Core/Src/tim.o
                0x000000002000105c                htim2
 .bss.uwTick    0x00000000200010a4        0x4 ./Drivers/STM32F1xx_HAL_Driver/Src/stm32f1xx_hal.o
                0x00000000200010a4                uwTick
 .bss.cfgidx.0  0x00000000200010a8        0x1 ./Middlewares/ST/STM32_USB_Device_Library/Core/Src/usbd_ctlreq.o
 *fill*         0x00000000200010a9        0x3 
 .bss.hUsbDeviceFS
                0x00000000200010ac      0x2c4 ./USB_DEVICE/App/usb_device.o
                0x00000000200010ac                hUsbDeviceFS
 .bss.USBD_StrDesc
                0x0000000020001370      0x200 ./USB_DEVICE/App/usbd_desc.o
                0x0000000020001370                USBD_StrDesc
 .bss.hpcd_USB_FS
                0x0000000020001570      0x2ec ./USB_DEVICE/Target/usbd_conf.o
                0x0000000020001570                hpcd_USB_FS
 .bss.mem.0     0x000000002000185c       0x2c ./USB_DEVICE/Target/usbd_conf.o
 *(COMMON)
                0x0000000020001888                . = ALIGN (0x4)
                0x0000000020001888                _ebss = .
                0x0000000020001888                __bss_end__ = _ebss

._user_heap_stack
                0x0000000020001888      0x600 load address 0x000000000800c74c
                0x0000000020001888                . = ALIGN (0x8)
                [!provide]                        PROVIDE (end = .)
                0x0000000020001888                PROVIDE (_end = .)
                0x0000000020001a88                . = (. + _Min_Heap_Size)
 *fill*         0x0000000020001888      0x200 
                0x0000000020001e88                . = (. + _Min_Stack_Size)
 *fill*         0x0000000020001a88      0x400 
                0x0000000020001e88                . = ALIGN (0x8)

/DISCARD/
 libc.a(*)
 libm.a(*)
 libgcc.a(*)

.ARM.attributes
                0x0000000000000000       0x29
 *(.ARM.attributes)
 .ARM.attributes
                0x0000000000000000       0x1d /usr/lib/gcc/arm-none-eabi/12.1.0/thumb/v7-m/nofp/crti.o
 .ARM.attributes
                0x000000000000001d       0x2d /usr/lib/gcc/arm-none-eabi/12.1.0/thumb/v7-m/nofp/crtbegin.o
 .ARM.attributes
                0x000000000000004a       0x2d ./Core/Src/adc.o
 .ARM.attributes
                0x0000000000000077       0x2d ./Core/Src/forcefeedback.o
 .ARM.attributes
                0x00000000000000a4       0x2d ./Core/Src/gpio.o
 .ARM.attributes
                0x00000000000000d1       0x2d ./Core/Src/i2c.o
 .ARM.attributes
                0x00000000000000fe       0x2d ./Core/Src/main.o
 .ARM.attributes
                0x000000000000012b       0x2d ./Core/Src/pcf8574events.o
 .ARM.attributes
                0x0000000000000158       0x2d ./Core/Src/stm32f1xx_hal_msp.o
 .ARM.attributes
                0x0000000000000185       0x2d ./Core/Src/stm32f1xx_it.o
 .ARM.attributes
                0x00000000000001b2       0x2d ./Core/Src/system_stm32f1xx.o
 .ARM.attributes
                0x00000000000001df       0x2d ./Core/Src/tim.o
 .ARM.attributes
                0x000000000000020c       0x21 ./Core/Startup/startup_stm32f103c8tx.o
 .ARM.attributes
                0x000000000000022d       0x2d ./Drivers/STM32F1xx_HAL_Driver/Src/stm32f1xx_hal.o
 .ARM.attributes
                0x000000000000025a       0x2d ./Drivers/STM32F1xx_HAL_Driver/Src/stm32f1xx_hal_adc.o
 .ARM.attributes
                0x0000000000000287       0x2d ./Drivers/STM32F1xx_HAL_Driver/Src/stm32f1xx_hal_adc_ex.o
 .ARM.attributes
                0x00000000000002b4       0x2d ./Drivers/STM32F1xx_HAL_Driver/Src/stm32f1xx_hal_cortex.o
 .ARM.attributes
                0x00000000000002e1       0x2d ./Drivers/STM32F1xx_HAL_Driver/Src/stm32f1xx_hal_gpio.o
 .ARM.attributes
                0x000000000000030e       0x2d ./Drivers/STM32F1xx_HAL_Driver/Src/stm32f1xx_hal_i2c.o
 .ARM.attributes
                0x000000000000033b       0x2d ./Drivers/STM32F1xx_HAL_Driver/Src/stm32f1xx_hal_pcd.o
 .ARM.attributes
                0x0000000000000368       0x2d ./Drivers/STM32F1xx_HAL_Driver/Src/stm32f1xx_hal_pcd_ex.o
 .ARM.attributes
                0x0000000000000395       0x2d ./Drivers/STM32F1xx_HAL_Driver/Src/stm32f1xx_hal_rcc.o
 .ARM.attributes
                0x00000000000003c2       0x2d ./Drivers/STM32F1xx_HAL_Driver/Src/stm32f1xx_hal_rcc_ex.o
 .ARM.attributes
                0x00000000000003ef       0x2d ./Drivers/STM32F1xx_HAL_Driver/Src/stm32f1xx_hal_tim.o
 .ARM.attributes
                0x000000000000041c       0x2d ./Drivers/STM32F1xx_HAL_Driver/Src/stm32f1xx_hal_tim_ex.o
 .ARM.attributes
                0x0000000000000449       0x2d ./Drivers/STM32F1xx_HAL_Driver/Src/stm32f1xx_ll_usb.o
 .ARM.attributes
                0x0000000000000476       0x2d ./Middlewares/ST/STM32_USB_Device_Library/Class/CustomHID/Src/usbd_customhid.o
 .ARM.attributes
                0x00000000000004a3       0x2d ./Middlewares/ST/STM32_USB_Device_Library/Core/Src/usbd_core.o
 .ARM.attributes
                0x00000000000004d0       0x2d ./Middlewares/ST/STM32_USB_Device_Library/Core/Src/usbd_ctlreq.o
 .ARM.attributes
                0x00000000000004fd       0x2d ./Middlewares/ST/STM32_USB_Device_Library/Core/Src/usbd_ioreq.o
 .ARM.attributes
                0x000000000000052a       0x2d ./USB_DEVICE/App/usb_device.o
 .ARM.attributes
                0x0000000000000557       0x2d ./USB_DEVICE/App/usbd_custom_hid_if.o
 .ARM.attributes
                0x0000000000000584       0x2d ./USB_DEVICE/App/usbd_desc.o
 .ARM.attributes
                0x00000000000005b1       0x2d ./USB_DEVICE/Target/usbd_conf.o
 .ARM.attributes
                0x00000000000005de       0x2d /usr/lib/gcc/arm-none-eabi/12.1.0/../../../../arm-none-eabi/lib/thumb/v7-m/nofp/libc_nano.a(lib_a-init.o)
 .ARM.attributes
                0x000000000000060b       0x2d /usr/lib/gcc/arm-none-eabi/12.1.0/../../../../arm-none-eabi/lib/thumb/v7-m/nofp/libc_nano.a(lib_a-memset.o)
 .ARM.attributes
                0x0000000000000638       0x1d /usr/lib/gcc/arm-none-eabi/12.1.0/thumb/v7-m/nofp/libgcc.a(_arm_muldf3.o)
 .ARM.attributes
                0x0000000000000655       0x1d /usr/lib/gcc/arm-none-eabi/12.1.0/thumb/v7-m/nofp/libgcc.a(_arm_mulsf3.o)
 .ARM.attributes
                0x0000000000000672       0x1d /usr/lib/gcc/arm-none-eabi/12.1.0/thumb/v7-m/nofp/libgcc.a(_arm_addsubdf3.o)
 .ARM.attributes
                0x000000000000068f       0x1d /usr/lib/gcc/arm-none-eabi/12.1.0/thumb/v7-m/nofp/libgcc.a(_arm_fixdfsi.o)
 .ARM.attributes
                0x00000000000006ac       0x1d /usr/lib/gcc/arm-none-eabi/12.1.0/thumb/v7-m/nofp/libgcc.a(_arm_fixunsdfsi.o)
 .ARM.attributes
                0x00000000000006c9       0x1d /usr/lib/gcc/arm-none-eabi/12.1.0/thumb/v7-m/nofp/libgcc.a(_arm_truncdfsf2.o)
 .ARM.attributes
                0x00000000000006e6       0x1d /usr/lib/gcc/arm-none-eabi/12.1.0/thumb/v7-m/nofp/libgcc.a(_arm_addsubsf3.o)
 .ARM.attributes
                0x0000000000000703       0x1d /usr/lib/gcc/arm-none-eabi/12.1.0/thumb/v7-m/nofp/crtn.o
OUTPUT(MyPCWheelSystem.elf elf32-littlearm)
LOAD linker stubs
LOAD /usr/lib/gcc/arm-none-eabi/12.1.0/../../../../arm-none-eabi/lib/thumb/v7-m/nofp/libc.a
LOAD /usr/lib/gcc/arm-none-eabi/12.1.0/../../../../arm-none-eabi/lib/thumb/v7-m/nofp/libm.a
LOAD /usr/lib/gcc/arm-none-eabi/12.1.0/thumb/v7-m/nofp/libgcc.a

.debug_info     0x0000000000000000    0x16c49
 .debug_info    0x0000000000000000      0x7f6 ./Core/Src/adc.o
 .debug_info    0x00000000000007f6      0xe14 ./Core/Src/forcefeedback.o
 .debug_info    0x000000000000160a      0x2d3 ./Core/Src/gpio.o
 .debug_info    0x00000000000018dd      0x7de ./Core/Src/i2c.o
 .debug_info    0x00000000000020bb     0x167d ./Core/Src/main.o
 .debug_info    0x0000000000003738      0x6de ./Core/Src/pcf8574events.o
 .debug_info    0x0000000000003e16      0x1f1 ./Core/Src/stm32f1xx_hal_msp.o
 .debug_info    0x0000000000004007      0x632 ./Core/Src/stm32f1xx_it.o
 .debug_info    0x0000000000004639      0x222 ./Core/Src/system_stm32f1xx.o
 .debug_info    0x000000000000485b      0xc3d ./Core/Src/tim.o
 .debug_info    0x0000000000005498       0x23 ./Core/Startup/startup_stm32f103c8tx.o
 .debug_info    0x00000000000054bb      0x704 ./Drivers/STM32F1xx_HAL_Driver/Src/stm32f1xx_hal.o
 .debug_info    0x0000000000005bbf      0xc2d ./Drivers/STM32F1xx_HAL_Driver/Src/stm32f1xx_hal_adc.o
 .debug_info    0x00000000000067ec      0xa0c ./Drivers/STM32F1xx_HAL_Driver/Src/stm32f1xx_hal_adc_ex.o
 .debug_info    0x00000000000071f8      0xa87 ./Drivers/STM32F1xx_HAL_Driver/Src/stm32f1xx_hal_cortex.o
 .debug_info    0x0000000000007c7f      0x5ab ./Drivers/STM32F1xx_HAL_Driver/Src/stm32f1xx_hal_gpio.o
 .debug_info    0x000000000000822a     0x24d2 ./Drivers/STM32F1xx_HAL_Driver/Src/stm32f1xx_hal_i2c.o
 .debug_info    0x000000000000a6fc     0x13d8 ./Drivers/STM32F1xx_HAL_Driver/Src/stm32f1xx_hal_pcd.o
 .debug_info    0x000000000000bad4      0x6f3 ./Drivers/STM32F1xx_HAL_Driver/Src/stm32f1xx_hal_pcd_ex.o
 .debug_info    0x000000000000c1c7      0x7e9 ./Drivers/STM32F1xx_HAL_Driver/Src/stm32f1xx_hal_rcc.o
 .debug_info    0x000000000000c9b0      0x3b0 ./Drivers/STM32F1xx_HAL_Driver/Src/stm32f1xx_hal_rcc_ex.o
 .debug_info    0x000000000000cd60     0x2787 ./Drivers/STM32F1xx_HAL_Driver/Src/stm32f1xx_hal_tim.o
 .debug_info    0x000000000000f4e7     0x13b5 ./Drivers/STM32F1xx_HAL_Driver/Src/stm32f1xx_hal_tim_ex.o
 .debug_info    0x000000000001089c     0x1744 ./Drivers/STM32F1xx_HAL_Driver/Src/stm32f1xx_ll_usb.o
 .debug_info    0x0000000000011fe0      0xac1 ./Middlewares/ST/STM32_USB_Device_Library/Class/CustomHID/Src/usbd_customhid.o
 .debug_info    0x0000000000012aa1      0xa52 ./Middlewares/ST/STM32_USB_Device_Library/Core/Src/usbd_core.o
 .debug_info    0x00000000000134f3      0x91c ./Middlewares/ST/STM32_USB_Device_Library/Core/Src/usbd_ctlreq.o
 .debug_info    0x0000000000013e0f      0x6a0 ./Middlewares/ST/STM32_USB_Device_Library/Core/Src/usbd_ioreq.o
 .debug_info    0x00000000000144af      0x615 ./USB_DEVICE/App/usb_device.o
 .debug_info    0x0000000000014ac4      0x1f7 ./USB_DEVICE/App/usbd_custom_hid_if.o
 .debug_info    0x0000000000014cbb      0x447 ./USB_DEVICE/App/usbd_desc.o
 .debug_info    0x0000000000015102     0x185b ./USB_DEVICE/Target/usbd_conf.o
 .debug_info    0x000000000001695d      0x10b /usr/lib/gcc/arm-none-eabi/12.1.0/../../../../arm-none-eabi/lib/thumb/v7-m/nofp/libc_nano.a(lib_a-init.o)
 .debug_info    0x0000000000016a68       0xe0 /usr/lib/gcc/arm-none-eabi/12.1.0/../../../../arm-none-eabi/lib/thumb/v7-m/nofp/libc_nano.a(lib_a-memset.o)
 .debug_info    0x0000000000016b48       0x25 /usr/lib/gcc/arm-none-eabi/12.1.0/thumb/v7-m/nofp/libgcc.a(_arm_muldf3.o)
 .debug_info    0x0000000000016b6d       0x25 /usr/lib/gcc/arm-none-eabi/12.1.0/thumb/v7-m/nofp/libgcc.a(_arm_mulsf3.o)
 .debug_info    0x0000000000016b92       0x25 /usr/lib/gcc/arm-none-eabi/12.1.0/thumb/v7-m/nofp/libgcc.a(_arm_addsubdf3.o)
 .debug_info    0x0000000000016bb7       0x24 /usr/lib/gcc/arm-none-eabi/12.1.0/thumb/v7-m/nofp/libgcc.a(_arm_fixdfsi.o)
 .debug_info    0x0000000000016bdb       0x24 /usr/lib/gcc/arm-none-eabi/12.1.0/thumb/v7-m/nofp/libgcc.a(_arm_fixunsdfsi.o)
 .debug_info    0x0000000000016bff       0x25 /usr/lib/gcc/arm-none-eabi/12.1.0/thumb/v7-m/nofp/libgcc.a(_arm_truncdfsf2.o)
 .debug_info    0x0000000000016c24       0x25 /usr/lib/gcc/arm-none-eabi/12.1.0/thumb/v7-m/nofp/libgcc.a(_arm_addsubsf3.o)

.debug_abbrev   0x0000000000000000     0x41ce
 .debug_abbrev  0x0000000000000000      0x1e0 ./Core/Src/adc.o
 .debug_abbrev  0x00000000000001e0      0x2b1 ./Core/Src/forcefeedback.o
 .debug_abbrev  0x0000000000000491      0x13f ./Core/Src/gpio.o
 .debug_abbrev  0x00000000000005d0      0x1de ./Core/Src/i2c.o
 .debug_abbrev  0x00000000000007ae      0x2bc ./Core/Src/main.o
 .debug_abbrev  0x0000000000000a6a      0x1a4 ./Core/Src/pcf8574events.o
 .debug_abbrev  0x0000000000000c0e       0xdb ./Core/Src/stm32f1xx_hal_msp.o
 .debug_abbrev  0x0000000000000ce9      0x191 ./Core/Src/stm32f1xx_it.o
 .debug_abbrev  0x0000000000000e7a      0x13f ./Core/Src/system_stm32f1xx.o
 .debug_abbrev  0x0000000000000fb9      0x23c ./Core/Src/tim.o
 .debug_abbrev  0x00000000000011f5       0x12 ./Core/Startup/startup_stm32f103c8tx.o
 .debug_abbrev  0x0000000000001207      0x201 ./Drivers/STM32F1xx_HAL_Driver/Src/stm32f1xx_hal.o
 .debug_abbrev  0x0000000000001408      0x225 ./Drivers/STM32F1xx_HAL_Driver/Src/stm32f1xx_hal_adc.o
 .debug_abbrev  0x000000000000162d      0x249 ./Drivers/STM32F1xx_HAL_Driver/Src/stm32f1xx_hal_adc_ex.o
 .debug_abbrev  0x0000000000001876      0x2f8 ./Drivers/STM32F1xx_HAL_Driver/Src/stm32f1xx_hal_cortex.o
 .debug_abbrev  0x0000000000001b6e      0x1ca ./Drivers/STM32F1xx_HAL_Driver/Src/stm32f1xx_hal_gpio.o
 .debug_abbrev  0x0000000000001d38      0x2a3 ./Drivers/STM32F1xx_HAL_Driver/Src/stm32f1xx_hal_i2c.o
 .debug_abbrev  0x0000000000001fdb      0x2cc ./Drivers/STM32F1xx_HAL_Driver/Src/stm32f1xx_hal_pcd.o
 .debug_abbrev  0x00000000000022a7      0x188 ./Drivers/STM32F1xx_HAL_Driver/Src/stm32f1xx_hal_pcd_ex.o
 .debug_abbrev  0x000000000000242f      0x2b1 ./Drivers/STM32F1xx_HAL_Driver/Src/stm32f1xx_hal_rcc.o
 .debug_abbrev  0x00000000000026e0      0x188 ./Drivers/STM32F1xx_HAL_Driver/Src/stm32f1xx_hal_rcc_ex.o
 .debug_abbrev  0x0000000000002868      0x270 ./Drivers/STM32F1xx_HAL_Driver/Src/stm32f1xx_hal_tim.o
 .debug_abbrev  0x0000000000002ad8      0x27b ./Drivers/STM32F1xx_HAL_Driver/Src/stm32f1xx_hal_tim_ex.o
 .debug_abbrev  0x0000000000002d53      0x1d6 ./Drivers/STM32F1xx_HAL_Driver/Src/stm32f1xx_ll_usb.o
 .debug_abbrev  0x0000000000002f29      0x272 ./Middlewares/ST/STM32_USB_Device_Library/Class/CustomHID/Src/usbd_customhid.o
 .debug_abbrev  0x000000000000319b      0x24a ./Middlewares/ST/STM32_USB_Device_Library/Core/Src/usbd_core.o
 .debug_abbrev  0x00000000000033e5      0x26b ./Middlewares/ST/STM32_USB_Device_Library/Core/Src/usbd_ctlreq.o
 .debug_abbrev  0x0000000000003650      0x192 ./Middlewares/ST/STM32_USB_Device_Library/Core/Src/usbd_ioreq.o
 .debug_abbrev  0x00000000000037e2      0x18d ./USB_DEVICE/App/usb_device.o
 .debug_abbrev  0x000000000000396f      0x156 ./USB_DEVICE/App/usbd_custom_hid_if.o
 .debug_abbrev  0x0000000000003ac5      0x200 ./USB_DEVICE/App/usbd_desc.o
 .debug_abbrev  0x0000000000003cc5      0x316 ./USB_DEVICE/Target/usbd_conf.o
 .debug_abbrev  0x0000000000003fdb       0xc9 /usr/lib/gcc/arm-none-eabi/12.1.0/../../../../arm-none-eabi/lib/thumb/v7-m/nofp/libc_nano.a(lib_a-init.o)
 .debug_abbrev  0x00000000000040a4       0x9e /usr/lib/gcc/arm-none-eabi/12.1.0/../../../../arm-none-eabi/lib/thumb/v7-m/nofp/libc_nano.a(lib_a-memset.o)
 .debug_abbrev  0x0000000000004142       0x14 /usr/lib/gcc/arm-none-eabi/12.1.0/thumb/v7-m/nofp/libgcc.a(_arm_muldf3.o)
 .debug_abbrev  0x0000000000004156       0x14 /usr/lib/gcc/arm-none-eabi/12.1.0/thumb/v7-m/nofp/libgcc.a(_arm_mulsf3.o)
 .debug_abbrev  0x000000000000416a       0x14 /usr/lib/gcc/arm-none-eabi/12.1.0/thumb/v7-m/nofp/libgcc.a(_arm_addsubdf3.o)
 .debug_abbrev  0x000000000000417e       0x14 /usr/lib/gcc/arm-none-eabi/12.1.0/thumb/v7-m/nofp/libgcc.a(_arm_fixdfsi.o)
 .debug_abbrev  0x0000000000004192       0x14 /usr/lib/gcc/arm-none-eabi/12.1.0/thumb/v7-m/nofp/libgcc.a(_arm_fixunsdfsi.o)
 .debug_abbrev  0x00000000000041a6       0x14 /usr/lib/gcc/arm-none-eabi/12.1.0/thumb/v7-m/nofp/libgcc.a(_arm_truncdfsf2.o)
 .debug_abbrev  0x00000000000041ba       0x14 /usr/lib/gcc/arm-none-eabi/12.1.0/thumb/v7-m/nofp/libgcc.a(_arm_addsubsf3.o)

.debug_aranges  0x0000000000000000     0x16b0
 .debug_aranges
                0x0000000000000000       0x30 ./Core/Src/adc.o
 .debug_aranges
                0x0000000000000030       0xe8 ./Core/Src/forcefeedback.o
 .debug_aranges
                0x0000000000000118       0x20 ./Core/Src/gpio.o
 .debug_aranges
                0x0000000000000138       0x30 ./Core/Src/i2c.o
 .debug_aranges
                0x0000000000000168       0x50 ./Core/Src/main.o
 .debug_aranges
                0x00000000000001b8       0x40 ./Core/Src/pcf8574events.o
 .debug_aranges
                0x00000000000001f8       0x20 ./Core/Src/stm32f1xx_hal_msp.o
 .debug_aranges
                0x0000000000000218       0x68 ./Core/Src/stm32f1xx_it.o
 .debug_aranges
                0x0000000000000280       0x28 ./Core/Src/system_stm32f1xx.o
 .debug_aranges
                0x00000000000002a8       0x50 ./Core/Src/tim.o
 .debug_aranges
                0x00000000000002f8       0x28 ./Core/Startup/startup_stm32f103c8tx.o
 .debug_aranges
                0x0000000000000320       0xe0 ./Drivers/STM32F1xx_HAL_Driver/Src/stm32f1xx_hal.o
 .debug_aranges
                0x0000000000000400       0xf0 ./Drivers/STM32F1xx_HAL_Driver/Src/stm32f1xx_hal_adc.o
 .debug_aranges
                0x00000000000004f0       0x80 ./Drivers/STM32F1xx_HAL_Driver/Src/stm32f1xx_hal_adc_ex.o
 .debug_aranges
                0x0000000000000570      0x100 ./Drivers/STM32F1xx_HAL_Driver/Src/stm32f1xx_hal_cortex.o
 .debug_aranges
                0x0000000000000670       0x58 ./Drivers/STM32F1xx_HAL_Driver/Src/stm32f1xx_hal_gpio.o
 .debug_aranges
                0x00000000000006c8      0x2a0 ./Drivers/STM32F1xx_HAL_Driver/Src/stm32f1xx_hal_i2c.o
 .debug_aranges
                0x0000000000000968      0x138 ./Drivers/STM32F1xx_HAL_Driver/Src/stm32f1xx_hal_pcd.o
 .debug_aranges
                0x0000000000000aa0       0x38 ./Drivers/STM32F1xx_HAL_Driver/Src/stm32f1xx_hal_pcd_ex.o
 .debug_aranges
                0x0000000000000ad8       0x90 ./Drivers/STM32F1xx_HAL_Driver/Src/stm32f1xx_hal_rcc.o
 .debug_aranges
                0x0000000000000b68       0x30 ./Drivers/STM32F1xx_HAL_Driver/Src/stm32f1xx_hal_rcc_ex.o
 .debug_aranges
                0x0000000000000b98      0x3d0 ./Drivers/STM32F1xx_HAL_Driver/Src/stm32f1xx_hal_tim.o
 .debug_aranges
                0x0000000000000f68      0x168 ./Drivers/STM32F1xx_HAL_Driver/Src/stm32f1xx_hal_tim_ex.o
 .debug_aranges
                0x00000000000010d0       0xf0 ./Drivers/STM32F1xx_HAL_Driver/Src/stm32f1xx_ll_usb.o
 .debug_aranges
                0x00000000000011c0       0x78 ./Middlewares/ST/STM32_USB_Device_Library/Class/CustomHID/Src/usbd_customhid.o
 .debug_aranges
                0x0000000000001238       0xb8 ./Middlewares/ST/STM32_USB_Device_Library/Core/Src/usbd_core.o
 .debug_aranges
                0x00000000000012f0       0x88 ./Middlewares/ST/STM32_USB_Device_Library/Core/Src/usbd_ctlreq.o
 .debug_aranges
                0x0000000000001378       0x50 ./Middlewares/ST/STM32_USB_Device_Library/Core/Src/usbd_ioreq.o
 .debug_aranges
                0x00000000000013c8       0x20 ./USB_DEVICE/App/usb_device.o
 .debug_aranges
                0x00000000000013e8       0x30 ./USB_DEVICE/App/usbd_custom_hid_if.o
 .debug_aranges
                0x0000000000001418       0x60 ./USB_DEVICE/App/usbd_desc.o
 .debug_aranges
                0x0000000000001478      0x118 ./USB_DEVICE/Target/usbd_conf.o
 .debug_aranges
                0x0000000000001590       0x20 /usr/lib/gcc/arm-none-eabi/12.1.0/../../../../arm-none-eabi/lib/thumb/v7-m/nofp/libc_nano.a(lib_a-init.o)
 .debug_aranges
                0x00000000000015b0       0x20 /usr/lib/gcc/arm-none-eabi/12.1.0/../../../../arm-none-eabi/lib/thumb/v7-m/nofp/libc_nano.a(lib_a-memset.o)
 .debug_aranges
                0x00000000000015d0       0x20 /usr/lib/gcc/arm-none-eabi/12.1.0/thumb/v7-m/nofp/libgcc.a(_arm_muldf3.o)
 .debug_aranges
                0x00000000000015f0       0x20 /usr/lib/gcc/arm-none-eabi/12.1.0/thumb/v7-m/nofp/libgcc.a(_arm_mulsf3.o)
 .debug_aranges
                0x0000000000001610       0x20 /usr/lib/gcc/arm-none-eabi/12.1.0/thumb/v7-m/nofp/libgcc.a(_arm_addsubdf3.o)
 .debug_aranges
                0x0000000000001630       0x20 /usr/lib/gcc/arm-none-eabi/12.1.0/thumb/v7-m/nofp/libgcc.a(_arm_fixdfsi.o)
 .debug_aranges
                0x0000000000001650       0x20 /usr/lib/gcc/arm-none-eabi/12.1.0/thumb/v7-m/nofp/libgcc.a(_arm_fixunsdfsi.o)
 .debug_aranges
                0x0000000000001670       0x20 /usr/lib/gcc/arm-none-eabi/12.1.0/thumb/v7-m/nofp/libgcc.a(_arm_truncdfsf2.o)
 .debug_aranges
                0x0000000000001690       0x20 /usr/lib/gcc/arm-none-eabi/12.1.0/thumb/v7-m/nofp/libgcc.a(_arm_addsubsf3.o)

.debug_rnglists
                0x0000000000000000     0x10b0
 .debug_rnglists
                0x0000000000000000       0x20 ./Core/Src/adc.o
 .debug_rnglists
                0x0000000000000020       0xb4 ./Core/Src/forcefeedback.o
 .debug_rnglists
                0x00000000000000d4       0x14 ./Core/Src/gpio.o
 .debug_rnglists
                0x00000000000000e8       0x1f ./Core/Src/i2c.o
 .debug_rnglists
                0x0000000000000107       0x39 ./Core/Src/main.o
 .debug_rnglists
                0x0000000000000140       0x2c ./Core/Src/pcf8574events.o
 .debug_rnglists
                0x000000000000016c       0x13 ./Core/Src/stm32f1xx_hal_msp.o
 .debug_rnglists
                0x000000000000017f       0x49 ./Core/Src/stm32f1xx_it.o
 .debug_rnglists
                0x00000000000001c8       0x1a ./Core/Src/system_stm32f1xx.o
 .debug_rnglists
                0x00000000000001e2       0x3b ./Core/Src/tim.o
 .debug_rnglists
                0x000000000000021d       0x19 ./Core/Startup/startup_stm32f103c8tx.o
 .debug_rnglists
                0x0000000000000236       0xa3 ./Drivers/STM32F1xx_HAL_Driver/Src/stm32f1xx_hal.o
 .debug_rnglists
                0x00000000000002d9       0xba ./Drivers/STM32F1xx_HAL_Driver/Src/stm32f1xx_hal_adc.o
 .debug_rnglists
                0x0000000000000393       0x65 ./Drivers/STM32F1xx_HAL_Driver/Src/stm32f1xx_hal_adc_ex.o
 .debug_rnglists
                0x00000000000003f8       0xbb ./Drivers/STM32F1xx_HAL_Driver/Src/stm32f1xx_hal_cortex.o
 .debug_rnglists
                0x00000000000004b3       0x3f ./Drivers/STM32F1xx_HAL_Driver/Src/stm32f1xx_hal_gpio.o
 .debug_rnglists
                0x00000000000004f2      0x23f ./Drivers/STM32F1xx_HAL_Driver/Src/stm32f1xx_hal_i2c.o
 .debug_rnglists
                0x0000000000000731       0xef ./Drivers/STM32F1xx_HAL_Driver/Src/stm32f1xx_hal_pcd.o
 .debug_rnglists
                0x0000000000000820       0x26 ./Drivers/STM32F1xx_HAL_Driver/Src/stm32f1xx_hal_pcd_ex.o
 .debug_rnglists
                0x0000000000000846       0x6c ./Drivers/STM32F1xx_HAL_Driver/Src/stm32f1xx_hal_rcc.o
 .debug_rnglists
                0x00000000000008b2       0x21 ./Drivers/STM32F1xx_HAL_Driver/Src/stm32f1xx_hal_rcc_ex.o
 .debug_rnglists
                0x00000000000008d3      0x31a ./Drivers/STM32F1xx_HAL_Driver/Src/stm32f1xx_hal_tim.o
 .debug_rnglists
                0x0000000000000bed      0x125 ./Drivers/STM32F1xx_HAL_Driver/Src/stm32f1xx_hal_tim_ex.o
 .debug_rnglists
                0x0000000000000d12       0xb6 ./Drivers/STM32F1xx_HAL_Driver/Src/stm32f1xx_ll_usb.o
 .debug_rnglists
                0x0000000000000dc8       0x57 ./Middlewares/ST/STM32_USB_Device_Library/Class/CustomHID/Src/usbd_customhid.o
 .debug_rnglists
                0x0000000000000e1f       0x89 ./Middlewares/ST/STM32_USB_Device_Library/Core/Src/usbd_core.o
 .debug_rnglists
                0x0000000000000ea8       0x68 ./Middlewares/ST/STM32_USB_Device_Library/Core/Src/usbd_ctlreq.o
 .debug_rnglists
                0x0000000000000f10       0x37 ./Middlewares/ST/STM32_USB_Device_Library/Core/Src/usbd_ioreq.o
 .debug_rnglists
                0x0000000000000f47       0x13 ./USB_DEVICE/App/usb_device.o
 .debug_rnglists
                0x0000000000000f5a       0x1f ./USB_DEVICE/App/usbd_custom_hid_if.o
 .debug_rnglists
                0x0000000000000f79       0x43 ./USB_DEVICE/App/usbd_desc.o
 .debug_rnglists
                0x0000000000000fbc       0xce ./USB_DEVICE/Target/usbd_conf.o
 .debug_rnglists
                0x000000000000108a       0x13 /usr/lib/gcc/arm-none-eabi/12.1.0/../../../../arm-none-eabi/lib/thumb/v7-m/nofp/libc_nano.a(lib_a-init.o)
 .debug_rnglists
                0x000000000000109d       0x13 /usr/lib/gcc/arm-none-eabi/12.1.0/../../../../arm-none-eabi/lib/thumb/v7-m/nofp/libc_nano.a(lib_a-memset.o)

.debug_macro    0x0000000000000000    0x1c574
 .debug_macro   0x0000000000000000      0x1f4 ./Core/Src/adc.o
 .debug_macro   0x00000000000001f4      0xaa8 ./Core/Src/adc.o
 .debug_macro   0x0000000000000c9c      0x227 ./Core/Src/adc.o
 .debug_macro   0x0000000000000ec3       0x2e ./Core/Src/adc.o
 .debug_macro   0x0000000000000ef1       0x22 ./Core/Src/adc.o
 .debug_macro   0x0000000000000f13       0x22 ./Core/Src/adc.o
 .debug_macro   0x0000000000000f35       0x8e ./Core/Src/adc.o
 .debug_macro   0x0000000000000fc3       0x51 ./Core/Src/adc.o
 .debug_macro   0x0000000000001014      0x103 ./Core/Src/adc.o
 .debug_macro   0x0000000000001117       0x6a ./Core/Src/adc.o
 .debug_macro   0x0000000000001181      0x1df ./Core/Src/adc.o
 .debug_macro   0x0000000000001360       0x1c ./Core/Src/adc.o
 .debug_macro   0x000000000000137c       0x22 ./Core/Src/adc.o
 .debug_macro   0x000000000000139e       0xbd ./Core/Src/adc.o
 .debug_macro   0x000000000000145b      0xd23 ./Core/Src/adc.o
 .debug_macro   0x000000000000217e     0xe097 ./Core/Src/adc.o
 .debug_macro   0x0000000000010215       0x43 ./Core/Src/adc.o
 .debug_macro   0x0000000000010258     0x3468 ./Core/Src/adc.o
 .debug_macro   0x00000000000136c0      0x189 ./Core/Src/adc.o
 .debug_macro   0x0000000000013849       0x5c ./Core/Src/adc.o
 .debug_macro   0x00000000000138a5      0x5be ./Core/Src/adc.o
 .debug_macro   0x0000000000013e63      0x289 ./Core/Src/adc.o
 .debug_macro   0x00000000000140ec      0x1cb ./Core/Src/adc.o
 .debug_macro   0x00000000000142b7      0x114 ./Core/Src/adc.o
 .debug_macro   0x00000000000143cb      0x1b2 ./Core/Src/adc.o
 .debug_macro   0x000000000001457d       0x27 ./Core/Src/adc.o
 .debug_macro   0x00000000000145a4      0x136 ./Core/Src/adc.o
 .debug_macro   0x00000000000146da      0x1bc ./Core/Src/adc.o
 .debug_macro   0x0000000000014896       0x34 ./Core/Src/adc.o
 .debug_macro   0x00000000000148ca       0x3c ./Core/Src/adc.o
 .debug_macro   0x0000000000014906       0x57 ./Core/Src/adc.o
 .debug_macro   0x000000000001495d      0x46a ./Core/Src/adc.o
 .debug_macro   0x0000000000014dc7      0x1b5 ./Core/Src/adc.o
 .debug_macro   0x0000000000014f7c       0x88 ./Core/Src/adc.o
 .debug_macro   0x0000000000015004      0x241 ./Core/Src/adc.o
 .debug_macro   0x0000000000015245      0x287 ./Core/Src/adc.o
 .debug_macro   0x00000000000154cc      0x141 ./Core/Src/adc.o
 .debug_macro   0x000000000001560d      0x8d1 ./Core/Src/adc.o
 .debug_macro   0x0000000000015ede       0x65 ./Core/Src/adc.o
 .debug_macro   0x0000000000015f43      0x249 ./Core/Src/adc.o
 .debug_macro   0x000000000001618c       0x83 ./Core/Src/adc.o
 .debug_macro   0x000000000001620f       0xa0 ./Core/Src/adc.o
 .debug_macro   0x00000000000162af      0x422 ./Core/Src/forcefeedback.o
 .debug_macro   0x00000000000166d1       0x58 ./Core/Src/forcefeedback.o
 .debug_macro   0x0000000000016729       0x18 ./Core/Src/forcefeedback.o
 .debug_macro   0x0000000000016741       0x43 ./Core/Src/forcefeedback.o
 .debug_macro   0x0000000000016784       0x34 ./Core/Src/forcefeedback.o
 .debug_macro   0x00000000000167b8       0x16 ./Core/Src/forcefeedback.o
 .debug_macro   0x00000000000167ce       0x35 ./Core/Src/forcefeedback.o
 .debug_macro   0x0000000000016803      0x341 ./Core/Src/forcefeedback.o
 .debug_macro   0x0000000000016b44       0x10 ./Core/Src/forcefeedback.o
 .debug_macro   0x0000000000016b54       0x16 ./Core/Src/forcefeedback.o
 .debug_macro   0x0000000000016b6a       0x43 ./Core/Src/forcefeedback.o
 .debug_macro   0x0000000000016bad       0x34 ./Core/Src/forcefeedback.o
 .debug_macro   0x0000000000016be1       0x10 ./Core/Src/forcefeedback.o
 .debug_macro   0x0000000000016bf1       0x58 ./Core/Src/forcefeedback.o
 .debug_macro   0x0000000000016c49       0x71 ./Core/Src/forcefeedback.o
 .debug_macro   0x0000000000016cba       0x1c ./Core/Src/forcefeedback.o
 .debug_macro   0x0000000000016cd6      0x12a ./Core/Src/forcefeedback.o
 .debug_macro   0x0000000000016e00       0x10 ./Core/Src/forcefeedback.o
 .debug_macro   0x0000000000016e10       0x1c ./Core/Src/forcefeedback.o
 .debug_macro   0x0000000000016e2c       0x52 ./Core/Src/forcefeedback.o
 .debug_macro   0x0000000000016e7e       0x22 ./Core/Src/forcefeedback.o
 .debug_macro   0x0000000000016ea0       0x10 ./Core/Src/forcefeedback.o
 .debug_macro   0x0000000000016eb0       0x52 ./Core/Src/forcefeedback.o
 .debug_macro   0x0000000000016f02       0xd5 ./Core/Src/forcefeedback.o
 .debug_macro   0x0000000000016fd7       0x1c ./Core/Src/forcefeedback.o
 .debug_macro   0x0000000000016ff3       0x3d ./Core/Src/forcefeedback.o
 .debug_macro   0x0000000000017030       0x16 ./Core/Src/forcefeedback.o
 .debug_macro   0x0000000000017046      0x145 ./Core/Src/forcefeedback.o
 .debug_macro   0x000000000001718b       0x16 ./Core/Src/forcefeedback.o
 .debug_macro   0x00000000000171a1       0x16 ./Core/Src/forcefeedback.o
 .debug_macro   0x00000000000171b7       0x29 ./Core/Src/forcefeedback.o
 .debug_macro   0x00000000000171e0       0x16 ./Core/Src/forcefeedback.o
 .debug_macro   0x00000000000171f6       0x6c ./Core/Src/forcefeedback.o
 .debug_macro   0x0000000000017262      0x1c8 ./Core/Src/forcefeedback.o
 .debug_macro   0x000000000001742a       0x65 ./Core/Src/forcefeedback.o
 .debug_macro   0x000000000001748f       0x70 ./Core/Src/forcefeedback.o
 .debug_macro   0x00000000000174ff      0x1f4 ./Core/Src/gpio.o
 .debug_macro   0x00000000000176f3      0x1f4 ./Core/Src/i2c.o
 .debug_macro   0x00000000000178e7      0x453 ./Core/Src/main.o
 .debug_macro   0x0000000000017d3a       0x3a ./Core/Src/main.o
 .debug_macro   0x0000000000017d74      0x1f9 ./Core/Src/pcf8574events.o
 .debug_macro   0x0000000000017f6d       0x34 ./Core/Src/pcf8574events.o
 .debug_macro   0x0000000000017fa1      0x1ea ./Core/Src/stm32f1xx_hal_msp.o
 .debug_macro   0x000000000001818b      0x1f4 ./Core/Src/stm32f1xx_it.o
 .debug_macro   0x000000000001837f      0x1db ./Core/Src/system_stm32f1xx.o
 .debug_macro   0x000000000001855a      0x1f4 ./Core/Src/tim.o
 .debug_macro   0x000000000001874e      0x1ff ./Drivers/STM32F1xx_HAL_Driver/Src/stm32f1xx_hal.o
 .debug_macro   0x000000000001894d      0x1f8 ./Drivers/STM32F1xx_HAL_Driver/Src/stm32f1xx_hal_adc.o
 .debug_macro   0x0000000000018b45      0x1ed ./Drivers/STM32F1xx_HAL_Driver/Src/stm32f1xx_hal_adc_ex.o
 .debug_macro   0x0000000000018d32      0x1db ./Drivers/STM32F1xx_HAL_Driver/Src/stm32f1xx_hal_cortex.o
 .debug_macro   0x0000000000018f0d      0x246 ./Drivers/STM32F1xx_HAL_Driver/Src/stm32f1xx_hal_gpio.o
 .debug_macro   0x0000000000019153      0x222 ./Drivers/STM32F1xx_HAL_Driver/Src/stm32f1xx_hal_i2c.o
 .debug_macro   0x0000000000019375      0x1e7 ./Drivers/STM32F1xx_HAL_Driver/Src/stm32f1xx_hal_pcd.o
 .debug_macro   0x000000000001955c      0x1db ./Drivers/STM32F1xx_HAL_Driver/Src/stm32f1xx_hal_pcd_ex.o
 .debug_macro   0x0000000000019737      0x1ed ./Drivers/STM32F1xx_HAL_Driver/Src/stm32f1xx_hal_rcc.o
 .debug_macro   0x0000000000019924      0x1db ./Drivers/STM32F1xx_HAL_Driver/Src/stm32f1xx_hal_rcc_ex.o
 .debug_macro   0x0000000000019aff      0x1dc ./Drivers/STM32F1xx_HAL_Driver/Src/stm32f1xx_hal_tim.o
 .debug_macro   0x0000000000019cdb      0x1db ./Drivers/STM32F1xx_HAL_Driver/Src/stm32f1xx_hal_tim_ex.o
 .debug_macro   0x0000000000019eb6      0x1db ./Drivers/STM32F1xx_HAL_Driver/Src/stm32f1xx_ll_usb.o
 .debug_macro   0x000000000001a091      0x41c ./Middlewares/ST/STM32_USB_Device_Library/Class/CustomHID/Src/usbd_customhid.o
 .debug_macro   0x000000000001a4ad       0x9e ./Middlewares/ST/STM32_USB_Device_Library/Class/CustomHID/Src/usbd_customhid.o
 .debug_macro   0x000000000001a54b      0x10b ./Middlewares/ST/STM32_USB_Device_Library/Class/CustomHID/Src/usbd_customhid.o
 .debug_macro   0x000000000001a656       0x56 ./Middlewares/ST/STM32_USB_Device_Library/Class/CustomHID/Src/usbd_customhid.o
 .debug_macro   0x000000000001a6ac      0x3e2 ./Middlewares/ST/STM32_USB_Device_Library/Core/Src/usbd_core.o
 .debug_macro   0x000000000001aa8e      0x1ce ./Middlewares/ST/STM32_USB_Device_Library/Core/Src/usbd_core.o
 .debug_macro   0x000000000001ac5c      0x3ec ./Middlewares/ST/STM32_USB_Device_Library/Core/Src/usbd_ctlreq.o