../Core/Src/forcefeedback.c:216:6:ffb_init	16	static
../Core/Src/forcefeedback.c:234:6:ffb_setup_set_report_callback	16	static
../Core/Src/forcefeedback.c:294:6:ffb_setup_get_report_callback	16	static
../Core/Src/forcefeedback.c:334:6:ffb_play_effects	16	static
../Core/Src/forcefeedback.c:415:6:enable_actuator	8	static
../Core/Src/forcefeedback.c:423:6:disable_actuator	8	static
../Core/Src/forcefeedback.c:434:6:device_control	16	static
../Core/Src/forcefeedback.c:469:6:getNewEffectIndex	16	static
../Core/Src/forcefeedback.c:481:6:prepare_pid_block_load_report	16	static
../Core/Src/forcefeedback.c:585:6:effect_operation	24	static
../Core/Src/forcefeedback.c:614:6:start_effect	16	static
../Core/Src/forcefeedback.c:620:6:stop_effect	16	static
../Core/Src/forcefeedback.c:626:6:device_reset	4	static
../Core/Src/forcefeedback.c:632:6:stop_all_effects	16	static
../Core/Src/forcefeedback.c:641:6:pause_all_effects	4	static
../Core/Src/forcefeedback.c:647:6:continue_all_effects	4	static
../Core/Src/forcefeedback.c:653:6:pid_block_free	16	static
../Core/Src/forcefeedback.c:660:6:equate_pwm	16	static
../Core/Src/forcefeedback.c:683:6:add_pwm	24	static
../Core/Src/forcefeedback.c:732:6:set_effect	32	static
../Core/Src/forcefeedback.c:752:6:set_envelope	24	static
../Core/Src/forcefeedback.c:762:6:set_condition	24	static
../Core/Src/forcefeedback.c:776:6:set_periodic	24	static
../Core/Src/forcefeedback.c:786:6:set_constant_force	24	static
../Core/Src/forcefeedback.c:794:6:set_ramp_force	24	static
../Core/Src/forcefeedback.c:802:6:nullify_effect_block	16	static
